10:43:37 **** Build of configuration Debug for project STM32L4xx_Ti_Sensors ****
make -j12 all 
arm-none-eabi-gcc "../Drivers/STM32L4xx_HAL_Driver/Src/stm32l4xx_hal.c" -mcpu=cortex-m4 -std=gnu11 -g3 -DDEBUG -DUSE_HAL_DRIVER -DSTM32L476xx -c -I../Core/Inc -I../Drivers/STM32L4xx_HAL_Driver/Inc -I../Drivers/STM32L4xx_HAL_Driver/Inc/Legacy -I../Drivers/CMSIS/Device/ST/STM32L4xx/Include -I../Drivers/CMSIS/Include -O0 -ffunction-sections -fdata-sections -Wall -fstack-usage -fcyclomatic-complexity -MMD -MP -MF"Drivers/STM32L4xx_HAL_Driver/Src/stm32l4xx_hal.d" -MT"Drivers/STM32L4xx_HAL_Driver/Src/stm32l4xx_hal.o" --specs=nano.specs -mfpu=fpv4-sp-d16 -mfloat-abi=hard -mthumb -o "Drivers/STM32L4xx_HAL_Driver/Src/stm32l4xx_hal.o"
arm-none-eabi-gcc "../Drivers/STM32L4xx_HAL_Driver/Src/stm32l4xx_hal_cortex.c" -mcpu=cortex-m4 -std=gnu11 -g3 -DDEBUG -DUSE_HAL_DRIVER -DSTM32L476xx -c -I../Core/Inc -I../Drivers/STM32L4xx_HAL_Driver/Inc -I../Drivers/STM32L4xx_HAL_Driver/Inc/Legacy -I../Drivers/CMSIS/Device/ST/STM32L4xx/Include -I../Drivers/CMSIS/Include -O0 -ffunction-sections -fdata-sections -Wall -fstack-usage -fcyclomatic-complexity -MMD -MP -MF"Drivers/STM32L4xx_HAL_Driver/Src/stm32l4xx_hal_cortex.d" -MT"Drivers/STM32L4xx_HAL_Driver/Src/stm32l4xx_hal_cortex.o" --specs=nano.specs -mfpu=fpv4-sp-d16 -mfloat-abi=hard -mthumb -o "Drivers/STM32L4xx_HAL_Driver/Src/stm32l4xx_hal_cortex.o"
arm-none-eabi-gcc "../Drivers/STM32L4xx_HAL_Driver/Src/stm32l4xx_hal_dma.c" -mcpu=cortex-m4 -std=gnu11 -g3 -DDEBUG -DUSE_HAL_DRIVER -DSTM32L476xx -c -I../Core/Inc -I../Drivers/STM32L4xx_HAL_Driver/Inc -I../Drivers/STM32L4xx_HAL_Driver/Inc/Legacy -I../Drivers/CMSIS/Device/ST/STM32L4xx/Include -I../Drivers/CMSIS/Include -O0 -ffunction-sections -fdata-sections -Wall -fstack-usage -fcyclomatic-complexity -MMD -MP -MF"Drivers/STM32L4xx_HAL_Driver/Src/stm32l4xx_hal_dma.d" -MT"Drivers/STM32L4xx_HAL_Driver/Src/stm32l4xx_hal_dma.o" --specs=nano.specs -mfpu=fpv4-sp-d16 -mfloat-abi=hard -mthumb -o "Drivers/STM32L4xx_HAL_Driver/Src/stm32l4xx_hal_dma.o"
arm-none-eabi-gcc "../Drivers/STM32L4xx_HAL_Driver/Src/stm32l4xx_hal_dma_ex.c" -mcpu=cortex-m4 -std=gnu11 -g3 -DDEBUG -DUSE_HAL_DRIVER -DSTM32L476xx -c -I../Core/Inc -I../Drivers/STM32L4xx_HAL_Driver/Inc -I../Drivers/STM32L4xx_HAL_Driver/Inc/Legacy -I../Drivers/CMSIS/Device/ST/STM32L4xx/Include -I../Drivers/CMSIS/Include -O0 -ffunction-sections -fdata-sections -Wall -fstack-usage -fcyclomatic-complexity -MMD -MP -MF"Drivers/STM32L4xx_HAL_Driver/Src/stm32l4xx_hal_dma_ex.d" -MT"Drivers/STM32L4xx_HAL_Driver/Src/stm32l4xx_hal_dma_ex.o" --specs=nano.specs -mfpu=fpv4-sp-d16 -mfloat-abi=hard -mthumb -o "Drivers/STM32L4xx_HAL_Driver/Src/stm32l4xx_hal_dma_ex.o"
arm-none-eabi-gcc "../Drivers/STM32L4xx_HAL_Driver/Src/stm32l4xx_hal_exti.c" -mcpu=cortex-m4 -std=gnu11 -g3 -DDEBUG -DUSE_HAL_DRIVER -DSTM32L476xx -c -I../Core/Inc -I../Drivers/STM32L4xx_HAL_Driver/Inc -I../Drivers/STM32L4xx_HAL_Driver/Inc/Legacy -I../Drivers/CMSIS/Device/ST/STM32L4xx/Include -I../Drivers/CMSIS/Include -O0 -ffunction-sections -fdata-sections -Wall -fstack-usage -fcyclomatic-complexity -MMD -MP -MF"Drivers/STM32L4xx_HAL_Driver/Src/stm32l4xx_hal_exti.d" -MT"Drivers/STM32L4xx_HAL_Driver/Src/stm32l4xx_hal_exti.o" --specs=nano.specs -mfpu=fpv4-sp-d16 -mfloat-abi=hard -mthumb -o "Drivers/STM32L4xx_HAL_Driver/Src/stm32l4xx_hal_exti.o"
arm-none-eabi-gcc "../Drivers/STM32L4xx_HAL_Driver/Src/stm32l4xx_hal_flash.c" -mcpu=cortex-m4 -std=gnu11 -g3 -DDEBUG -DUSE_HAL_DRIVER -DSTM32L476xx -c -I../Core/Inc -I../Drivers/STM32L4xx_HAL_Driver/Inc -I../Drivers/STM32L4xx_HAL_Driver/Inc/Legacy -I../Drivers/CMSIS/Device/ST/STM32L4xx/Include -I../Drivers/CMSIS/Include -O0 -ffunction-sections -fdata-sections -Wall -fstack-usage -fcyclomatic-complexity -MMD -MP -MF"Drivers/STM32L4xx_HAL_Driver/Src/stm32l4xx_hal_flash.d" -MT"Drivers/STM32L4xx_HAL_Driver/Src/stm32l4xx_hal_flash.o" --specs=nano.specs -mfpu=fpv4-sp-d16 -mfloat-abi=hard -mthumb -o "Drivers/STM32L4xx_HAL_Driver/Src/stm32l4xx_hal_flash.o"
arm-none-eabi-gcc "../Drivers/STM32L4xx_HAL_Driver/Src/stm32l4xx_hal_flash_ex.c" -mcpu=cortex-m4 -std=gnu11 -g3 -DDEBUG -DUSE_HAL_DRIVER -DSTM32L476xx -c -I../Core/Inc -I../Drivers/STM32L4xx_HAL_Driver/Inc -I../Drivers/STM32L4xx_HAL_Driver/Inc/Legacy -I../Drivers/CMSIS/Device/ST/STM32L4xx/Include -I../Drivers/CMSIS/Include -O0 -ffunction-sections -fdata-sections -Wall -fstack-usage -fcyclomatic-complexity -MMD -MP -MF"Drivers/STM32L4xx_HAL_Driver/Src/stm32l4xx_hal_flash_ex.d" -MT"Drivers/STM32L4xx_HAL_Driver/Src/stm32l4xx_hal_flash_ex.o" --specs=nano.specs -mfpu=fpv4-sp-d16 -mfloat-abi=hard -mthumb -o "Drivers/STM32L4xx_HAL_Driver/Src/stm32l4xx_hal_flash_ex.o"
arm-none-eabi-gcc "../Drivers/STM32L4xx_HAL_Driver/Src/stm32l4xx_hal_flash_ramfunc.c" -mcpu=cortex-m4 -std=gnu11 -g3 -DDEBUG -DUSE_HAL_DRIVER -DSTM32L476xx -c -I../Core/Inc -I../Drivers/STM32L4xx_HAL_Driver/Inc -I../Drivers/STM32L4xx_HAL_Driver/Inc/Legacy -I../Drivers/CMSIS/Device/ST/STM32L4xx/Include -I../Drivers/CMSIS/Include -O0 -ffunction-sections -fdata-sections -Wall -fstack-usage -fcyclomatic-complexity -MMD -MP -MF"Drivers/STM32L4xx_HAL_Driver/Src/stm32l4xx_hal_flash_ramfunc.d" -MT"Drivers/STM32L4xx_HAL_Driver/Src/stm32l4xx_hal_flash_ramfunc.o" --specs=nano.specs -mfpu=fpv4-sp-d16 -mfloat-abi=hard -mthumb -o "Drivers/STM32L4xx_HAL_Driver/Src/stm32l4xx_hal_flash_ramfunc.o"
arm-none-eabi-gcc "../Drivers/STM32L4xx_HAL_Driver/Src/stm32l4xx_hal_gpio.c" -mcpu=cortex-m4 -std=gnu11 -g3 -DDEBUG -DUSE_HAL_DRIVER -DSTM32L476xx -c -I../Core/Inc -I../Drivers/STM32L4xx_HAL_Driver/Inc -I../Drivers/STM32L4xx_HAL_Driver/Inc/Legacy -I../Drivers/CMSIS/Device/ST/STM32L4xx/Include -I../Drivers/CMSIS/Include -O0 -ffunction-sections -fdata-sections -Wall -fstack-usage -fcyclomatic-complexity -MMD -MP -MF"Drivers/STM32L4xx_HAL_Driver/Src/stm32l4xx_hal_gpio.d" -MT"Drivers/STM32L4xx_HAL_Driver/Src/stm32l4xx_hal_gpio.o" --specs=nano.specs -mfpu=fpv4-sp-d16 -mfloat-abi=hard -mthumb -o "Drivers/STM32L4xx_HAL_Driver/Src/stm32l4xx_hal_gpio.o"
arm-none-eabi-gcc "../Drivers/STM32L4xx_HAL_Driver/Src/stm32l4xx_hal_i2c.c" -mcpu=cortex-m4 -std=gnu11 -g3 -DDEBUG -DUSE_HAL_DRIVER -DSTM32L476xx -c -I../Core/Inc -I../Drivers/STM32L4xx_HAL_Driver/Inc -I../Drivers/STM32L4xx_HAL_Driver/Inc/Legacy -I../Drivers/CMSIS/Device/ST/STM32L4xx/Include -I../Drivers/CMSIS/Include -O0 -ffunction-sections -fdata-sections -Wall -fstack-usage -fcyclomatic-complexity -MMD -MP -MF"Drivers/STM32L4xx_HAL_Driver/Src/stm32l4xx_hal_i2c.d" -MT"Drivers/STM32L4xx_HAL_Driver/Src/stm32l4xx_hal_i2c.o" --specs=nano.specs -mfpu=fpv4-sp-d16 -mfloat-abi=hard -mthumb -o "Drivers/STM32L4xx_HAL_Driver/Src/stm32l4xx_hal_i2c.o"
arm-none-eabi-gcc "../Drivers/STM32L4xx_HAL_Driver/Src/stm32l4xx_hal_i2c_ex.c" -mcpu=cortex-m4 -std=gnu11 -g3 -DDEBUG -DUSE_HAL_DRIVER -DSTM32L476xx -c -I../Core/Inc -I../Drivers/STM32L4xx_HAL_Driver/Inc -I../Drivers/STM32L4xx_HAL_Driver/Inc/Legacy -I../Drivers/CMSIS/Device/ST/STM32L4xx/Include -I../Drivers/CMSIS/Include -O0 -ffunction-sections -fdata-sections -Wall -fstack-usage -fcyclomatic-complexity -MMD -MP -MF"Drivers/STM32L4xx_HAL_Driver/Src/stm32l4xx_hal_i2c_ex.d" -MT"Drivers/STM32L4xx_HAL_Driver/Src/stm32l4xx_hal_i2c_ex.o" --specs=nano.specs -mfpu=fpv4-sp-d16 -mfloat-abi=hard -mthumb -o "Drivers/STM32L4xx_HAL_Driver/Src/stm32l4xx_hal_i2c_ex.o"
arm-none-eabi-gcc "../Drivers/STM32L4xx_HAL_Driver/Src/stm32l4xx_hal_pwr.c" -mcpu=cortex-m4 -std=gnu11 -g3 -DDEBUG -DUSE_HAL_DRIVER -DSTM32L476xx -c -I../Core/Inc -I../Drivers/STM32L4xx_HAL_Driver/Inc -I../Drivers/STM32L4xx_HAL_Driver/Inc/Legacy -I../Drivers/CMSIS/Device/ST/STM32L4xx/Include -I../Drivers/CMSIS/Include -O0 -ffunction-sections -fdata-sections -Wall -fstack-usage -fcyclomatic-complexity -MMD -MP -MF"Drivers/STM32L4xx_HAL_Driver/Src/stm32l4xx_hal_pwr.d" -MT"Drivers/STM32L4xx_HAL_Driver/Src/stm32l4xx_hal_pwr.o" --specs=nano.specs -mfpu=fpv4-sp-d16 -mfloat-abi=hard -mthumb -o "Drivers/STM32L4xx_HAL_Driver/Src/stm32l4xx_hal_pwr.o"
arm-none-eabi-gcc "../Drivers/STM32L4xx_HAL_Driver/Src/stm32l4xx_hal_pwr_ex.c" -mcpu=cortex-m4 -std=gnu11 -g3 -DDEBUG -DUSE_HAL_DRIVER -DSTM32L476xx -c -I../Core/Inc -I../Drivers/STM32L4xx_HAL_Driver/Inc -I../Drivers/STM32L4xx_HAL_Driver/Inc/Legacy -I../Drivers/CMSIS/Device/ST/STM32L4xx/Include -I../Drivers/CMSIS/Include -O0 -ffunction-sections -fdata-sections -Wall -fstack-usage -fcyclomatic-complexity -MMD -MP -MF"Drivers/STM32L4xx_HAL_Driver/Src/stm32l4xx_hal_pwr_ex.d" -MT"Drivers/STM32L4xx_HAL_Driver/Src/stm32l4xx_hal_pwr_ex.o" --specs=nano.specs -mfpu=fpv4-sp-d16 -mfloat-abi=hard -mthumb -o "Drivers/STM32L4xx_HAL_Driver/Src/stm32l4xx_hal_pwr_ex.o"
arm-none-eabi-gcc "../Drivers/STM32L4xx_HAL_Driver/Src/stm32l4xx_hal_rcc.c" -mcpu=cortex-m4 -std=gnu11 -g3 -DDEBUG -DUSE_HAL_DRIVER -DSTM32L476xx -c -I../Core/Inc -I../Drivers/STM32L4xx_HAL_Driver/Inc -I../Drivers/STM32L4xx_HAL_Driver/Inc/Legacy -I../Drivers/CMSIS/Device/ST/STM32L4xx/Include -I../Drivers/CMSIS/Include -O0 -ffunction-sections -fdata-sections -Wall -fstack-usage -fcyclomatic-complexity -MMD -MP -MF"Drivers/STM32L4xx_HAL_Driver/Src/stm32l4xx_hal_rcc.d" -MT"Drivers/STM32L4xx_HAL_Driver/Src/stm32l4xx_hal_rcc.o" --specs=nano.specs -mfpu=fpv4-sp-d16 -mfloat-abi=hard -mthumb -o "Drivers/STM32L4xx_HAL_Driver/Src/stm32l4xx_hal_rcc.o"
arm-none-eabi-gcc "../Drivers/STM32L4xx_HAL_Driver/Src/stm32l4xx_hal_rcc_ex.c" -mcpu=cortex-m4 -std=gnu11 -g3 -DDEBUG -DUSE_HAL_DRIVER -DSTM32L476xx -c -I../Core/Inc -I../Drivers/STM32L4xx_HAL_Driver/Inc -I../Drivers/STM32L4xx_HAL_Driver/Inc/Legacy -I../Drivers/CMSIS/Device/ST/STM32L4xx/Include -I../Drivers/CMSIS/Include -O0 -ffunction-sections -fdata-sections -Wall -fstack-usage -fcyclomatic-complexity -MMD -MP -MF"Drivers/STM32L4xx_HAL_Driver/Src/stm32l4xx_hal_rcc_ex.d" -MT"Drivers/STM32L4xx_HAL_Driver/Src/stm32l4xx_hal_rcc_ex.o" --specs=nano.specs -mfpu=fpv4-sp-d16 -mfloat-abi=hard -mthumb -o "Drivers/STM32L4xx_HAL_Driver/Src/stm32l4xx_hal_rcc_ex.o"
arm-none-eabi-gcc "../Drivers/STM32L4xx_HAL_Driver/Src/stm32l4xx_hal_tim.c" -mcpu=cortex-m4 -std=gnu11 -g3 -DDEBUG -DUSE_HAL_DRIVER -DSTM32L476xx -c -I../Core/Inc -I../Drivers/STM32L4xx_HAL_Driver/Inc -I../Drivers/STM32L4xx_HAL_Driver/Inc/Legacy -I../Drivers/CMSIS/Device/ST/STM32L4xx/Include -I../Drivers/CMSIS/Include -O0 -ffunction-sections -fdata-sections -Wall -fstack-usage -fcyclomatic-complexity -MMD -MP -MF"Drivers/STM32L4xx_HAL_Driver/Src/stm32l4xx_hal_tim.d" -MT"Drivers/STM32L4xx_HAL_Driver/Src/stm32l4xx_hal_tim.o" --specs=nano.specs -mfpu=fpv4-sp-d16 -mfloat-abi=hard -mthumb -o "Drivers/STM32L4xx_HAL_Driver/Src/stm32l4xx_hal_tim.o"
arm-none-eabi-gcc "../Drivers/STM32L4xx_HAL_Driver/Src/stm32l4xx_hal_tim_ex.c" -mcpu=cortex-m4 -std=gnu11 -g3 -DDEBUG -DUSE_HAL_DRIVER -DSTM32L476xx -c -I../Core/Inc -I../Drivers/STM32L4xx_HAL_Driver/Inc -I../Drivers/STM32L4xx_HAL_Driver/Inc/Legacy -I../Drivers/CMSIS/Device/ST/STM32L4xx/Include -I../Drivers/CMSIS/Include -O0 -ffunction-sections -fdata-sections -Wall -fstack-usage -fcyclomatic-complexity -MMD -MP -MF"Drivers/STM32L4xx_HAL_Driver/Src/stm32l4xx_hal_tim_ex.d" -MT"Drivers/STM32L4xx_HAL_Driver/Src/stm32l4xx_hal_tim_ex.o" --specs=nano.specs -mfpu=fpv4-sp-d16 -mfloat-abi=hard -mthumb -o "Drivers/STM32L4xx_HAL_Driver/Src/stm32l4xx_hal_tim_ex.o"
arm-none-eabi-gcc "../Drivers/STM32L4xx_HAL_Driver/Src/stm32l4xx_hal_uart.c" -mcpu=cortex-m4 -std=gnu11 -g3 -DDEBUG -DUSE_HAL_DRIVER -DSTM32L476xx -c -I../Core/Inc -I../Drivers/STM32L4xx_HAL_Driver/Inc -I../Drivers/STM32L4xx_HAL_Driver/Inc/Legacy -I../Drivers/CMSIS/Device/ST/STM32L4xx/Include -I../Drivers/CMSIS/Include -O0 -ffunction-sections -fdata-sections -Wall -fstack-usage -fcyclomatic-complexity -MMD -MP -MF"Drivers/STM32L4xx_HAL_Driver/Src/stm32l4xx_hal_uart.d" -MT"Drivers/STM32L4xx_HAL_Driver/Src/stm32l4xx_hal_uart.o" --specs=nano.specs -mfpu=fpv4-sp-d16 -mfloat-abi=hard -mthumb -o "Drivers/STM32L4xx_HAL_Driver/Src/stm32l4xx_hal_uart.o"
arm-none-eabi-gcc "../Drivers/STM32L4xx_HAL_Driver/Src/stm32l4xx_hal_uart_ex.c" -mcpu=cortex-m4 -std=gnu11 -g3 -DDEBUG -DUSE_HAL_DRIVER -DSTM32L476xx -c -I../Core/Inc -I../Drivers/STM32L4xx_HAL_Driver/Inc -I../Drivers/STM32L4xx_HAL_Driver/Inc/Legacy -I../Drivers/CMSIS/Device/ST/STM32L4xx/Include -I../Drivers/CMSIS/Include -O0 -ffunction-sections -fdata-sections -Wall -fstack-usage -fcyclomatic-complexity -MMD -MP -MF"Drivers/STM32L4xx_HAL_Driver/Src/stm32l4xx_hal_uart_ex.d" -MT"Drivers/STM32L4xx_HAL_Driver/Src/stm32l4xx_hal_uart_ex.o" --specs=nano.specs -mfpu=fpv4-sp-d16 -mfloat-abi=hard -mthumb -o "Drivers/STM32L4xx_HAL_Driver/Src/stm32l4xx_hal_uart_ex.o"
arm-none-eabi-gcc -mcpu=cortex-m4 -g3 -DDEBUG -c -x assembler-with-cpp -MMD -MP -MF"Core/Startup/startup_stm32l476rgtx.d" -MT"Core/Startup/startup_stm32l476rgtx.o" --specs=nano.specs -mfpu=fpv4-sp-d16 -mfloat-abi=hard -mthumb -o "Core/Startup/startup_stm32l476rgtx.o" "../Core/Startup/startup_stm32l476rgtx.s"
arm-none-eabi-gcc "../Core/Src/main.c" -mcpu=cortex-m4 -std=gnu11 -g3 -DDEBUG -DUSE_HAL_DRIVER -DSTM32L476xx -c -I../Core/Inc -I../Drivers/STM32L4xx_HAL_Driver/Inc -I../Drivers/STM32L4xx_HAL_Driver/Inc/Legacy -I../Drivers/CMSIS/Device/ST/STM32L4xx/Include -I../Drivers/CMSIS/Include -O0 -ffunction-sections -fdata-sections -Wall -fstack-usage -fcyclomatic-complexity -MMD -MP -MF"Core/Src/main.d" -MT"Core/Src/main.o" --specs=nano.specs -mfpu=fpv4-sp-d16 -mfloat-abi=hard -mthumb -o "Core/Src/main.o"
arm-none-eabi-gcc "../Core/Src/stm32l4xx_hal_msp.c" -mcpu=cortex-m4 -std=gnu11 -g3 -DDEBUG -DUSE_HAL_DRIVER -DSTM32L476xx -c -I../Core/Inc -I../Drivers/STM32L4xx_HAL_Driver/Inc -I../Drivers/STM32L4xx_HAL_Driver/Inc/Legacy -I../Drivers/CMSIS/Device/ST/STM32L4xx/Include -I../Drivers/CMSIS/Include -O0 -ffunction-sections -fdata-sections -Wall -fstack-usage -fcyclomatic-complexity -MMD -MP -MF"Core/Src/stm32l4xx_hal_msp.d" -MT"Core/Src/stm32l4xx_hal_msp.o" --specs=nano.specs -mfpu=fpv4-sp-d16 -mfloat-abi=hard -mthumb -o "Core/Src/stm32l4xx_hal_msp.o"
arm-none-eabi-gcc "../Core/Src/stm32l4xx_it.c" -mcpu=cortex-m4 -std=gnu11 -g3 -DDEBUG -DUSE_HAL_DRIVER -DSTM32L476xx -c -I../Core/Inc -I../Drivers/STM32L4xx_HAL_Driver/Inc -I../Drivers/STM32L4xx_HAL_Driver/Inc/Legacy -I../Drivers/CMSIS/Device/ST/STM32L4xx/Include -I../Drivers/CMSIS/Include -O0 -ffunction-sections -fdata-sections -Wall -fstack-usage -fcyclomatic-complexity -MMD -MP -MF"Core/Src/stm32l4xx_it.d" -MT"Core/Src/stm32l4xx_it.o" --specs=nano.specs -mfpu=fpv4-sp-d16 -mfloat-abi=hard -mthumb -o "Core/Src/stm32l4xx_it.o"
arm-none-eabi-gcc "../Core/Src/syscalls.c" -mcpu=cortex-m4 -std=gnu11 -g3 -DDEBUG -DUSE_HAL_DRIVER -DSTM32L476xx -c -I../Core/Inc -I../Drivers/STM32L4xx_HAL_Driver/Inc -I../Drivers/STM32L4xx_HAL_Driver/Inc/Legacy -I../Drivers/CMSIS/Device/ST/STM32L4xx/Include -I../Drivers/CMSIS/Include -O0 -ffunction-sections -fdata-sections -Wall -fstack-usage -fcyclomatic-complexity -MMD -MP -MF"Core/Src/syscalls.d" -MT"Core/Src/syscalls.o" --specs=nano.specs -mfpu=fpv4-sp-d16 -mfloat-abi=hard -mthumb -o "Core/Src/syscalls.o"
arm-none-eabi-gcc "../Core/Src/sysmem.c" -mcpu=cortex-m4 -std=gnu11 -g3 -DDEBUG -DUSE_HAL_DRIVER -DSTM32L476xx -c -I../Core/Inc -I../Drivers/STM32L4xx_HAL_Driver/Inc -I../Drivers/STM32L4xx_HAL_Driver/Inc/Legacy -I../Drivers/CMSIS/Device/ST/STM32L4xx/Include -I../Drivers/CMSIS/Include -O0 -ffunction-sections -fdata-sections -Wall -fstack-usage -fcyclomatic-complexity -MMD -MP -MF"Core/Src/sysmem.d" -MT"Core/Src/sysmem.o" --specs=nano.specs -mfpu=fpv4-sp-d16 -mfloat-abi=hard -mthumb -o "Core/Src/sysmem.o"
arm-none-eabi-gcc "../Core/Src/system_stm32l4xx.c" -mcpu=cortex-m4 -std=gnu11 -g3 -DDEBUG -DUSE_HAL_DRIVER -DSTM32L476xx -c -I../Core/Inc -I../Drivers/STM32L4xx_HAL_Driver/Inc -I../Drivers/STM32L4xx_HAL_Driver/Inc/Legacy -I../Drivers/CMSIS/Device/ST/STM32L4xx/Include -I../Drivers/CMSIS/Include -O0 -ffunction-sections -fdata-sections -Wall -fstack-usage -fcyclomatic-complexity -MMD -MP -MF"Core/Src/system_stm32l4xx.d" -MT"Core/Src/system_stm32l4xx.o" --specs=nano.specs -mfpu=fpv4-sp-d16 -mfloat-abi=hard -mthumb -o "Core/Src/system_stm32l4xx.o"
arm-none-eabi-gcc -o "STM32L4xx_Ti_Sensors.elf" @"objects.list"   -mcpu=cortex-m4 -T"D:\BITSILICA\SALMAN\Learning\STM32\STM32_Projects\STM32L4xx_TI_Sensors\STM32L4xx_Ti_Sensors\STM32L476RGTX_FLASH.ld" --specs=nosys.specs -Wl,-Map="STM32L4xx_Ti_Sensors.map" -Wl,--gc-sections -static --specs=nano.specs -mfpu=fpv4-sp-d16 -mfloat-abi=hard -mthumb -Wl,--start-group -lc -lm -Wl,--end-group
Finished building target: STM32L4xx_Ti_Sensors.elf
 
arm-none-eabi-size  STM32L4xx_Ti_Sensors.elf 
arm-none-eabi-objdump -h -S STM32L4xx_Ti_Sensors.elf  > "STM32L4xx_Ti_Sensors.list"
   text	   data	    bss	    dec	    hex	filename
  13676	     20	   1788	  15484	   3c7c	STM32L4xx_Ti_Sensors.elf
Finished building: default.size.stdout
 
Finished building: STM32L4xx_Ti_Sensors.list
 
10:51:21 **** Incremental Build of configuration Debug for project STM32L4xx_Ti_Sensors ****
make -j12 all 
arm-none-eabi-size  STM32L4xx_Ti_Sensors.elf 
   text	   data	    bss	    dec	    hex	filename
  13676	     20	   1788	  15484	   3c7c	STM32L4xx_Ti_Sensors.elf
Finished building: default.size.stdout
 
11:04:49 **** Clean-only build of configuration Debug for project STM32L4xx_Ti_Sensors ****
make -j12 clean 
rm -rf ./Drivers/STM32L4xx_HAL_Driver/Src/stm32l4xx_hal.cyclo ./Drivers/STM32L4xx_HAL_Driver/Src/stm32l4xx_hal.d ./Drivers/STM32L4xx_HAL_Driver/Src/stm32l4xx_hal.o ./Drivers/STM32L4xx_HAL_Driver/Src/stm32l4xx_hal.su ./Drivers/STM32L4xx_HAL_Driver/Src/stm32l4xx_hal_cortex.cyclo ./Drivers/STM32L4xx_HAL_Driver/Src/stm32l4xx_hal_cortex.d ./Drivers/STM32L4xx_HAL_Driver/Src/stm32l4xx_hal_cortex.o ./Drivers/STM32L4xx_HAL_Driver/Src/stm32l4xx_hal_cortex.su ./Drivers/STM32L4xx_HAL_Driver/Src/stm32l4xx_hal_dma.cyclo ./Drivers/STM32L4xx_HAL_Driver/Src/stm32l4xx_hal_dma.d ./Drivers/STM32L4xx_HAL_Driver/Src/stm32l4xx_hal_dma.o ./Drivers/STM32L4xx_HAL_Driver/Src/stm32l4xx_hal_dma.su ./Drivers/STM32L4xx_HAL_Driver/Src/stm32l4xx_hal_dma_ex.cyclo ./Drivers/STM32L4xx_HAL_Driver/Src/stm32l4xx_hal_dma_ex.d ./Drivers/STM32L4xx_HAL_Driver/Src/stm32l4xx_hal_dma_ex.o ./Drivers/STM32L4xx_HAL_Driver/Src/stm32l4xx_hal_dma_ex.su ./Drivers/STM32L4xx_HAL_Driver/Src/stm32l4xx_hal_exti.cyclo ./Drivers/STM32L4xx_HAL_Driver/Src/stm32l4xx_hal_exti.d ./Drivers/STM32L4xx_HAL_Driver/Src/stm32l4xx_hal_exti.o ./Drivers/STM32L4xx_HAL_Driver/Src/stm32l4xx_hal_exti.su ./Drivers/STM32L4xx_HAL_Driver/Src/stm32l4xx_hal_flash.cyclo ./Drivers/STM32L4xx_HAL_Driver/Src/stm32l4xx_hal_flash.d ./Drivers/STM32L4xx_HAL_Driver/Src/stm32l4xx_hal_flash.o ./Drivers/STM32L4xx_HAL_Driver/Src/stm32l4xx_hal_flash.su ./Drivers/STM32L4xx_HAL_Driver/Src/stm32l4xx_hal_flash_ex.cyclo ./Drivers/STM32L4xx_HAL_Driver/Src/stm32l4xx_hal_flash_ex.d ./Drivers/STM32L4xx_HAL_Driver/Src/stm32l4xx_hal_flash_ex.o ./Drivers/STM32L4xx_HAL_Driver/Src/stm32l4xx_hal_flash_ex.su ./Drivers/STM32L4xx_HAL_Driver/Src/stm32l4xx_hal_flash_ramfunc.cyclo ./Drivers/STM32L4xx_HAL_Driver/Src/stm32l4xx_hal_flash_ramfunc.d ./Drivers/STM32L4xx_HAL_Driver/Src/stm32l4xx_hal_flash_ramfunc.o ./Drivers/STM32L4xx_HAL_Driver/Src/stm32l4xx_hal_flash_ramfunc.su ./Drivers/STM32L4xx_HAL_Driver/Src/stm32l4xx_hal_gpio.cyclo ./Drivers/STM32L4xx_HAL_Driver/Src/stm32l4xx_hal_gpio.d ./Drivers/STM32L4xx_HAL_Driver/Src/stm32l4xx_hal_gpio.o ./Drivers/STM32L4xx_HAL_Driver/Src/stm32l4xx_hal_gpio.su ./Drivers/STM32L4xx_HAL_Driver/Src/stm32l4xx_hal_i2c.cyclo ./Drivers/STM32L4xx_HAL_Driver/Src/stm32l4xx_hal_i2c.d ./Drivers/STM32L4xx_HAL_Driver/Src/stm32l4xx_hal_i2c.o ./Drivers/STM32L4xx_HAL_Driver/Src/stm32l4xx_hal_i2c.su ./Drivers/STM32L4xx_HAL_Driver/Src/stm32l4xx_hal_i2c_ex.cyclo ./Drivers/STM32L4xx_HAL_Driver/Src/stm32l4xx_hal_i2c_ex.d ./Drivers/STM32L4xx_HAL_Driver/Src/stm32l4xx_hal_i2c_ex.o ./Drivers/STM32L4xx_HAL_Driver/Src/stm32l4xx_hal_i2c_ex.su ./Drivers/STM32L4xx_HAL_Driver/Src/stm32l4xx_hal_pwr.cyclo ./Drivers/STM32L4xx_HAL_Driver/Src/stm32l4xx_hal_pwr.d ./Drivers/STM32L4xx_HAL_Driver/Src/stm32l4xx_hal_pwr.o ./Drivers/STM32L4xx_HAL_Driver/Src/stm32l4xx_hal_pwr.su ./Drivers/STM32L4xx_HAL_Driver/Src/stm32l4xx_hal_pwr_ex.cyclo ./Drivers/STM32L4xx_HAL_Driver/Src/stm32l4xx_hal_pwr_ex.d ./Drivers/STM32L4xx_HAL_Driver/Src/stm32l4xx_hal_pwr_ex.o ./Drivers/STM32L4xx_HAL_Driver/Src/stm32l4xx_hal_pwr_ex.su ./Drivers/STM32L4xx_HAL_Driver/Src/stm32l4xx_hal_rcc.cyclo ./Drivers/STM32L4xx_HAL_Driver/Src/stm32l4xx_hal_rcc.d ./Drivers/STM32L4xx_HAL_Driver/Src/stm32l4xx_hal_rcc.o ./Drivers/STM32L4xx_HAL_Driver/Src/stm32l4xx_hal_rcc.su ./Drivers/STM32L4xx_HAL_Driver/Src/stm32l4xx_hal_rcc_ex.cyclo ./Drivers/STM32L4xx_HAL_Driver/Src/stm32l4xx_hal_rcc_ex.d ./Drivers/STM32L4xx_HAL_Driver/Src/stm32l4xx_hal_rcc_ex.o ./Drivers/STM32L4xx_HAL_Driver/Src/stm32l4xx_hal_rcc_ex.su ./Drivers/STM32L4xx_HAL_Driver/Src/stm32l4xx_hal_tim.cyclo ./Drivers/STM32L4xx_HAL_Driver/Src/stm32l4xx_hal_tim.d ./Drivers/STM32L4xx_HAL_Driver/Src/stm32l4xx_hal_tim.o ./Drivers/STM32L4xx_HAL_Driver/Src/stm32l4xx_hal_tim.su ./Drivers/STM32L4xx_HAL_Driver/Src/stm32l4xx_hal_tim_ex.cyclo ./Drivers/STM32L4xx_HAL_Driver/Src/stm32l4xx_hal_tim_ex.d ./Drivers/STM32L4xx_HAL_Driver/Src/stm32l4xx_hal_tim_ex.o ./Drivers/STM32L4xx_HAL_Driver/Src/stm32l4xx_hal_tim_ex.su ./Drivers/STM32L4xx_HAL_Driver/Src/stm32l4xx_hal_uart.cyclo ./Drivers/STM32L4xx_HAL_Driver/Src/stm32l4xx_hal_uart.d ./Drivers/STM32L4xx_HAL_Driver/Src/stm32l4xx_hal_uart.o ./Drivers/STM32L4xx_HAL_Driver/Src/stm32l4xx_hal_uart.su ./Drivers/STM32L4xx_HAL_Driver/Src/stm32l4xx_hal_uart_ex.cyclo ./Drivers/STM32L4xx_HAL_Driver/Src/stm32l4xx_hal_uart_ex.d ./Drivers/STM32L4xx_HAL_Driver/Src/stm32l4xx_hal_uart_ex.o ./Drivers/STM32L4xx_HAL_Driver/Src/stm32l4xx_hal_uart_ex.su
rm -rf ./Core/Startup/startup_stm32l476rgtx.d ./Core/Startup/startup_stm32l476rgtx.o
rm -rf ./Core/Src/main.cyclo ./Core/Src/main.d ./Core/Src/main.o ./Core/Src/main.su ./Core/Src/stm32l4xx_hal_msp.cyclo ./Core/Src/stm32l4xx_hal_msp.d ./Core/Src/stm32l4xx_hal_msp.o ./Core/Src/stm32l4xx_hal_msp.su ./Core/Src/stm32l4xx_it.cyclo ./Core/Src/stm32l4xx_it.d ./Core/Src/stm32l4xx_it.o ./Core/Src/stm32l4xx_it.su ./Core/Src/syscalls.cyclo ./Core/Src/syscalls.d ./Core/Src/syscalls.o ./Core/Src/syscalls.su ./Core/Src/sysmem.cyclo ./Core/Src/sysmem.d ./Core/Src/sysmem.o ./Core/Src/sysmem.su ./Core/Src/system_stm32l4xx.cyclo ./Core/Src/system_stm32l4xx.d ./Core/Src/system_stm32l4xx.o ./Core/Src/system_stm32l4xx.su
rm -rf STM32L4xx_Ti_Sensors.elf STM32L4xx_Ti_Sensors.list STM32L4xx_Ti_Sensors.map default.size.stdout
 
11:04:50 **** Incremental Build of configuration Debug for project STM32L4xx_Ti_Sensors ****
make -j12 all 
arm-none-eabi-gcc "../Drivers/STM32L4xx_HAL_Driver/Src/stm32l4xx_hal.c" -mcpu=cortex-m4 -std=gnu11 -g3 -DDEBUG -DUSE_HAL_DRIVER -DSTM32L476xx -c -I../Core/Inc -I"D:/BITSILICA/SALMAN/Learning/STM32/STM32_Projects/STM32L4xx_TI_Sensors/STM32L4xx_Ti_Sensors/Core/TiBoostXLSensors" -I../Drivers/STM32L4xx_HAL_Driver/Inc -I../Drivers/STM32L4xx_HAL_Driver/Inc/Legacy -I../Drivers/CMSIS/Device/ST/STM32L4xx/Include -I../Drivers/CMSIS/Include -O0 -ffunction-sections -fdata-sections -Wall -fstack-usage -fcyclomatic-complexity -MMD -MP -MF"Drivers/STM32L4xx_HAL_Driver/Src/stm32l4xx_hal.d" -MT"Drivers/STM32L4xx_HAL_Driver/Src/stm32l4xx_hal.o" --specs=nano.specs -mfpu=fpv4-sp-d16 -mfloat-abi=hard -mthumb -o "Drivers/STM32L4xx_HAL_Driver/Src/stm32l4xx_hal.o"
arm-none-eabi-gcc "../Drivers/STM32L4xx_HAL_Driver/Src/stm32l4xx_hal_cortex.c" -mcpu=cortex-m4 -std=gnu11 -g3 -DDEBUG -DUSE_HAL_DRIVER -DSTM32L476xx -c -I../Core/Inc -I"D:/BITSILICA/SALMAN/Learning/STM32/STM32_Projects/STM32L4xx_TI_Sensors/STM32L4xx_Ti_Sensors/Core/TiBoostXLSensors" -I../Drivers/STM32L4xx_HAL_Driver/Inc -I../Drivers/STM32L4xx_HAL_Driver/Inc/Legacy -I../Drivers/CMSIS/Device/ST/STM32L4xx/Include -I../Drivers/CMSIS/Include -O0 -ffunction-sections -fdata-sections -Wall -fstack-usage -fcyclomatic-complexity -MMD -MP -MF"Drivers/STM32L4xx_HAL_Driver/Src/stm32l4xx_hal_cortex.d" -MT"Drivers/STM32L4xx_HAL_Driver/Src/stm32l4xx_hal_cortex.o" --specs=nano.specs -mfpu=fpv4-sp-d16 -mfloat-abi=hard -mthumb -o "Drivers/STM32L4xx_HAL_Driver/Src/stm32l4xx_hal_cortex.o"
arm-none-eabi-gcc "../Drivers/STM32L4xx_HAL_Driver/Src/stm32l4xx_hal_dma.c" -mcpu=cortex-m4 -std=gnu11 -g3 -DDEBUG -DUSE_HAL_DRIVER -DSTM32L476xx -c -I../Core/Inc -I"D:/BITSILICA/SALMAN/Learning/STM32/STM32_Projects/STM32L4xx_TI_Sensors/STM32L4xx_Ti_Sensors/Core/TiBoostXLSensors" -I../Drivers/STM32L4xx_HAL_Driver/Inc -I../Drivers/STM32L4xx_HAL_Driver/Inc/Legacy -I../Drivers/CMSIS/Device/ST/STM32L4xx/Include -I../Drivers/CMSIS/Include -O0 -ffunction-sections -fdata-sections -Wall -fstack-usage -fcyclomatic-complexity -MMD -MP -MF"Drivers/STM32L4xx_HAL_Driver/Src/stm32l4xx_hal_dma.d" -MT"Drivers/STM32L4xx_HAL_Driver/Src/stm32l4xx_hal_dma.o" --specs=nano.specs -mfpu=fpv4-sp-d16 -mfloat-abi=hard -mthumb -o "Drivers/STM32L4xx_HAL_Driver/Src/stm32l4xx_hal_dma.o"
arm-none-eabi-gcc "../Drivers/STM32L4xx_HAL_Driver/Src/stm32l4xx_hal_dma_ex.c" -mcpu=cortex-m4 -std=gnu11 -g3 -DDEBUG -DUSE_HAL_DRIVER -DSTM32L476xx -c -I../Core/Inc -I"D:/BITSILICA/SALMAN/Learning/STM32/STM32_Projects/STM32L4xx_TI_Sensors/STM32L4xx_Ti_Sensors/Core/TiBoostXLSensors" -I../Drivers/STM32L4xx_HAL_Driver/Inc -I../Drivers/STM32L4xx_HAL_Driver/Inc/Legacy -I../Drivers/CMSIS/Device/ST/STM32L4xx/Include -I../Drivers/CMSIS/Include -O0 -ffunction-sections -fdata-sections -Wall -fstack-usage -fcyclomatic-complexity -MMD -MP -MF"Drivers/STM32L4xx_HAL_Driver/Src/stm32l4xx_hal_dma_ex.d" -MT"Drivers/STM32L4xx_HAL_Driver/Src/stm32l4xx_hal_dma_ex.o" --specs=nano.specs -mfpu=fpv4-sp-d16 -mfloat-abi=hard -mthumb -o "Drivers/STM32L4xx_HAL_Driver/Src/stm32l4xx_hal_dma_ex.o"
arm-none-eabi-gcc "../Drivers/STM32L4xx_HAL_Driver/Src/stm32l4xx_hal_exti.c" -mcpu=cortex-m4 -std=gnu11 -g3 -DDEBUG -DUSE_HAL_DRIVER -DSTM32L476xx -c -I../Core/Inc -I"D:/BITSILICA/SALMAN/Learning/STM32/STM32_Projects/STM32L4xx_TI_Sensors/STM32L4xx_Ti_Sensors/Core/TiBoostXLSensors" -I../Drivers/STM32L4xx_HAL_Driver/Inc -I../Drivers/STM32L4xx_HAL_Driver/Inc/Legacy -I../Drivers/CMSIS/Device/ST/STM32L4xx/Include -I../Drivers/CMSIS/Include -O0 -ffunction-sections -fdata-sections -Wall -fstack-usage -fcyclomatic-complexity -MMD -MP -MF"Drivers/STM32L4xx_HAL_Driver/Src/stm32l4xx_hal_exti.d" -MT"Drivers/STM32L4xx_HAL_Driver/Src/stm32l4xx_hal_exti.o" --specs=nano.specs -mfpu=fpv4-sp-d16 -mfloat-abi=hard -mthumb -o "Drivers/STM32L4xx_HAL_Driver/Src/stm32l4xx_hal_exti.o"
arm-none-eabi-gcc "../Drivers/STM32L4xx_HAL_Driver/Src/stm32l4xx_hal_flash.c" -mcpu=cortex-m4 -std=gnu11 -g3 -DDEBUG -DUSE_HAL_DRIVER -DSTM32L476xx -c -I../Core/Inc -I"D:/BITSILICA/SALMAN/Learning/STM32/STM32_Projects/STM32L4xx_TI_Sensors/STM32L4xx_Ti_Sensors/Core/TiBoostXLSensors" -I../Drivers/STM32L4xx_HAL_Driver/Inc -I../Drivers/STM32L4xx_HAL_Driver/Inc/Legacy -I../Drivers/CMSIS/Device/ST/STM32L4xx/Include -I../Drivers/CMSIS/Include -O0 -ffunction-sections -fdata-sections -Wall -fstack-usage -fcyclomatic-complexity -MMD -MP -MF"Drivers/STM32L4xx_HAL_Driver/Src/stm32l4xx_hal_flash.d" -MT"Drivers/STM32L4xx_HAL_Driver/Src/stm32l4xx_hal_flash.o" --specs=nano.specs -mfpu=fpv4-sp-d16 -mfloat-abi=hard -mthumb -o "Drivers/STM32L4xx_HAL_Driver/Src/stm32l4xx_hal_flash.o"
arm-none-eabi-gcc "../Drivers/STM32L4xx_HAL_Driver/Src/stm32l4xx_hal_flash_ex.c" -mcpu=cortex-m4 -std=gnu11 -g3 -DDEBUG -DUSE_HAL_DRIVER -DSTM32L476xx -c -I../Core/Inc -I"D:/BITSILICA/SALMAN/Learning/STM32/STM32_Projects/STM32L4xx_TI_Sensors/STM32L4xx_Ti_Sensors/Core/TiBoostXLSensors" -I../Drivers/STM32L4xx_HAL_Driver/Inc -I../Drivers/STM32L4xx_HAL_Driver/Inc/Legacy -I../Drivers/CMSIS/Device/ST/STM32L4xx/Include -I../Drivers/CMSIS/Include -O0 -ffunction-sections -fdata-sections -Wall -fstack-usage -fcyclomatic-complexity -MMD -MP -MF"Drivers/STM32L4xx_HAL_Driver/Src/stm32l4xx_hal_flash_ex.d" -MT"Drivers/STM32L4xx_HAL_Driver/Src/stm32l4xx_hal_flash_ex.o" --specs=nano.specs -mfpu=fpv4-sp-d16 -mfloat-abi=hard -mthumb -o "Drivers/STM32L4xx_HAL_Driver/Src/stm32l4xx_hal_flash_ex.o"
arm-none-eabi-gcc "../Drivers/STM32L4xx_HAL_Driver/Src/stm32l4xx_hal_flash_ramfunc.c" -mcpu=cortex-m4 -std=gnu11 -g3 -DDEBUG -DUSE_HAL_DRIVER -DSTM32L476xx -c -I../Core/Inc -I"D:/BITSILICA/SALMAN/Learning/STM32/STM32_Projects/STM32L4xx_TI_Sensors/STM32L4xx_Ti_Sensors/Core/TiBoostXLSensors" -I../Drivers/STM32L4xx_HAL_Driver/Inc -I../Drivers/STM32L4xx_HAL_Driver/Inc/Legacy -I../Drivers/CMSIS/Device/ST/STM32L4xx/Include -I../Drivers/CMSIS/Include -O0 -ffunction-sections -fdata-sections -Wall -fstack-usage -fcyclomatic-complexity -MMD -MP -MF"Drivers/STM32L4xx_HAL_Driver/Src/stm32l4xx_hal_flash_ramfunc.d" -MT"Drivers/STM32L4xx_HAL_Driver/Src/stm32l4xx_hal_flash_ramfunc.o" --specs=nano.specs -mfpu=fpv4-sp-d16 -mfloat-abi=hard -mthumb -o "Drivers/STM32L4xx_HAL_Driver/Src/stm32l4xx_hal_flash_ramfunc.o"
arm-none-eabi-gcc "../Drivers/STM32L4xx_HAL_Driver/Src/stm32l4xx_hal_gpio.c" -mcpu=cortex-m4 -std=gnu11 -g3 -DDEBUG -DUSE_HAL_DRIVER -DSTM32L476xx -c -I../Core/Inc -I"D:/BITSILICA/SALMAN/Learning/STM32/STM32_Projects/STM32L4xx_TI_Sensors/STM32L4xx_Ti_Sensors/Core/TiBoostXLSensors" -I../Drivers/STM32L4xx_HAL_Driver/Inc -I../Drivers/STM32L4xx_HAL_Driver/Inc/Legacy -I../Drivers/CMSIS/Device/ST/STM32L4xx/Include -I../Drivers/CMSIS/Include -O0 -ffunction-sections -fdata-sections -Wall -fstack-usage -fcyclomatic-complexity -MMD -MP -MF"Drivers/STM32L4xx_HAL_Driver/Src/stm32l4xx_hal_gpio.d" -MT"Drivers/STM32L4xx_HAL_Driver/Src/stm32l4xx_hal_gpio.o" --specs=nano.specs -mfpu=fpv4-sp-d16 -mfloat-abi=hard -mthumb -o "Drivers/STM32L4xx_HAL_Driver/Src/stm32l4xx_hal_gpio.o"
arm-none-eabi-gcc "../Drivers/STM32L4xx_HAL_Driver/Src/stm32l4xx_hal_i2c.c" -mcpu=cortex-m4 -std=gnu11 -g3 -DDEBUG -DUSE_HAL_DRIVER -DSTM32L476xx -c -I../Core/Inc -I"D:/BITSILICA/SALMAN/Learning/STM32/STM32_Projects/STM32L4xx_TI_Sensors/STM32L4xx_Ti_Sensors/Core/TiBoostXLSensors" -I../Drivers/STM32L4xx_HAL_Driver/Inc -I../Drivers/STM32L4xx_HAL_Driver/Inc/Legacy -I../Drivers/CMSIS/Device/ST/STM32L4xx/Include -I../Drivers/CMSIS/Include -O0 -ffunction-sections -fdata-sections -Wall -fstack-usage -fcyclomatic-complexity -MMD -MP -MF"Drivers/STM32L4xx_HAL_Driver/Src/stm32l4xx_hal_i2c.d" -MT"Drivers/STM32L4xx_HAL_Driver/Src/stm32l4xx_hal_i2c.o" --specs=nano.specs -mfpu=fpv4-sp-d16 -mfloat-abi=hard -mthumb -o "Drivers/STM32L4xx_HAL_Driver/Src/stm32l4xx_hal_i2c.o"
arm-none-eabi-gcc "../Drivers/STM32L4xx_HAL_Driver/Src/stm32l4xx_hal_i2c_ex.c" -mcpu=cortex-m4 -std=gnu11 -g3 -DDEBUG -DUSE_HAL_DRIVER -DSTM32L476xx -c -I../Core/Inc -I"D:/BITSILICA/SALMAN/Learning/STM32/STM32_Projects/STM32L4xx_TI_Sensors/STM32L4xx_Ti_Sensors/Core/TiBoostXLSensors" -I../Drivers/STM32L4xx_HAL_Driver/Inc -I../Drivers/STM32L4xx_HAL_Driver/Inc/Legacy -I../Drivers/CMSIS/Device/ST/STM32L4xx/Include -I../Drivers/CMSIS/Include -O0 -ffunction-sections -fdata-sections -Wall -fstack-usage -fcyclomatic-complexity -MMD -MP -MF"Drivers/STM32L4xx_HAL_Driver/Src/stm32l4xx_hal_i2c_ex.d" -MT"Drivers/STM32L4xx_HAL_Driver/Src/stm32l4xx_hal_i2c_ex.o" --specs=nano.specs -mfpu=fpv4-sp-d16 -mfloat-abi=hard -mthumb -o "Drivers/STM32L4xx_HAL_Driver/Src/stm32l4xx_hal_i2c_ex.o"
arm-none-eabi-gcc "../Drivers/STM32L4xx_HAL_Driver/Src/stm32l4xx_hal_pwr.c" -mcpu=cortex-m4 -std=gnu11 -g3 -DDEBUG -DUSE_HAL_DRIVER -DSTM32L476xx -c -I../Core/Inc -I"D:/BITSILICA/SALMAN/Learning/STM32/STM32_Projects/STM32L4xx_TI_Sensors/STM32L4xx_Ti_Sensors/Core/TiBoostXLSensors" -I../Drivers/STM32L4xx_HAL_Driver/Inc -I../Drivers/STM32L4xx_HAL_Driver/Inc/Legacy -I../Drivers/CMSIS/Device/ST/STM32L4xx/Include -I../Drivers/CMSIS/Include -O0 -ffunction-sections -fdata-sections -Wall -fstack-usage -fcyclomatic-complexity -MMD -MP -MF"Drivers/STM32L4xx_HAL_Driver/Src/stm32l4xx_hal_pwr.d" -MT"Drivers/STM32L4xx_HAL_Driver/Src/stm32l4xx_hal_pwr.o" --specs=nano.specs -mfpu=fpv4-sp-d16 -mfloat-abi=hard -mthumb -o "Drivers/STM32L4xx_HAL_Driver/Src/stm32l4xx_hal_pwr.o"
arm-none-eabi-gcc "../Drivers/STM32L4xx_HAL_Driver/Src/stm32l4xx_hal_pwr_ex.c" -mcpu=cortex-m4 -std=gnu11 -g3 -DDEBUG -DUSE_HAL_DRIVER -DSTM32L476xx -c -I../Core/Inc -I"D:/BITSILICA/SALMAN/Learning/STM32/STM32_Projects/STM32L4xx_TI_Sensors/STM32L4xx_Ti_Sensors/Core/TiBoostXLSensors" -I../Drivers/STM32L4xx_HAL_Driver/Inc -I../Drivers/STM32L4xx_HAL_Driver/Inc/Legacy -I../Drivers/CMSIS/Device/ST/STM32L4xx/Include -I../Drivers/CMSIS/Include -O0 -ffunction-sections -fdata-sections -Wall -fstack-usage -fcyclomatic-complexity -MMD -MP -MF"Drivers/STM32L4xx_HAL_Driver/Src/stm32l4xx_hal_pwr_ex.d" -MT"Drivers/STM32L4xx_HAL_Driver/Src/stm32l4xx_hal_pwr_ex.o" --specs=nano.specs -mfpu=fpv4-sp-d16 -mfloat-abi=hard -mthumb -o "Drivers/STM32L4xx_HAL_Driver/Src/stm32l4xx_hal_pwr_ex.o"
arm-none-eabi-gcc "../Drivers/STM32L4xx_HAL_Driver/Src/stm32l4xx_hal_rcc.c" -mcpu=cortex-m4 -std=gnu11 -g3 -DDEBUG -DUSE_HAL_DRIVER -DSTM32L476xx -c -I../Core/Inc -I"D:/BITSILICA/SALMAN/Learning/STM32/STM32_Projects/STM32L4xx_TI_Sensors/STM32L4xx_Ti_Sensors/Core/TiBoostXLSensors" -I../Drivers/STM32L4xx_HAL_Driver/Inc -I../Drivers/STM32L4xx_HAL_Driver/Inc/Legacy -I../Drivers/CMSIS/Device/ST/STM32L4xx/Include -I../Drivers/CMSIS/Include -O0 -ffunction-sections -fdata-sections -Wall -fstack-usage -fcyclomatic-complexity -MMD -MP -MF"Drivers/STM32L4xx_HAL_Driver/Src/stm32l4xx_hal_rcc.d" -MT"Drivers/STM32L4xx_HAL_Driver/Src/stm32l4xx_hal_rcc.o" --specs=nano.specs -mfpu=fpv4-sp-d16 -mfloat-abi=hard -mthumb -o "Drivers/STM32L4xx_HAL_Driver/Src/stm32l4xx_hal_rcc.o"
arm-none-eabi-gcc "../Drivers/STM32L4xx_HAL_Driver/Src/stm32l4xx_hal_rcc_ex.c" -mcpu=cortex-m4 -std=gnu11 -g3 -DDEBUG -DUSE_HAL_DRIVER -DSTM32L476xx -c -I../Core/Inc -I"D:/BITSILICA/SALMAN/Learning/STM32/STM32_Projects/STM32L4xx_TI_Sensors/STM32L4xx_Ti_Sensors/Core/TiBoostXLSensors" -I../Drivers/STM32L4xx_HAL_Driver/Inc -I../Drivers/STM32L4xx_HAL_Driver/Inc/Legacy -I../Drivers/CMSIS/Device/ST/STM32L4xx/Include -I../Drivers/CMSIS/Include -O0 -ffunction-sections -fdata-sections -Wall -fstack-usage -fcyclomatic-complexity -MMD -MP -MF"Drivers/STM32L4xx_HAL_Driver/Src/stm32l4xx_hal_rcc_ex.d" -MT"Drivers/STM32L4xx_HAL_Driver/Src/stm32l4xx_hal_rcc_ex.o" --specs=nano.specs -mfpu=fpv4-sp-d16 -mfloat-abi=hard -mthumb -o "Drivers/STM32L4xx_HAL_Driver/Src/stm32l4xx_hal_rcc_ex.o"
arm-none-eabi-gcc "../Drivers/STM32L4xx_HAL_Driver/Src/stm32l4xx_hal_tim.c" -mcpu=cortex-m4 -std=gnu11 -g3 -DDEBUG -DUSE_HAL_DRIVER -DSTM32L476xx -c -I../Core/Inc -I"D:/BITSILICA/SALMAN/Learning/STM32/STM32_Projects/STM32L4xx_TI_Sensors/STM32L4xx_Ti_Sensors/Core/TiBoostXLSensors" -I../Drivers/STM32L4xx_HAL_Driver/Inc -I../Drivers/STM32L4xx_HAL_Driver/Inc/Legacy -I../Drivers/CMSIS/Device/ST/STM32L4xx/Include -I../Drivers/CMSIS/Include -O0 -ffunction-sections -fdata-sections -Wall -fstack-usage -fcyclomatic-complexity -MMD -MP -MF"Drivers/STM32L4xx_HAL_Driver/Src/stm32l4xx_hal_tim.d" -MT"Drivers/STM32L4xx_HAL_Driver/Src/stm32l4xx_hal_tim.o" --specs=nano.specs -mfpu=fpv4-sp-d16 -mfloat-abi=hard -mthumb -o "Drivers/STM32L4xx_HAL_Driver/Src/stm32l4xx_hal_tim.o"
arm-none-eabi-gcc "../Drivers/STM32L4xx_HAL_Driver/Src/stm32l4xx_hal_tim_ex.c" -mcpu=cortex-m4 -std=gnu11 -g3 -DDEBUG -DUSE_HAL_DRIVER -DSTM32L476xx -c -I../Core/Inc -I"D:/BITSILICA/SALMAN/Learning/STM32/STM32_Projects/STM32L4xx_TI_Sensors/STM32L4xx_Ti_Sensors/Core/TiBoostXLSensors" -I../Drivers/STM32L4xx_HAL_Driver/Inc -I../Drivers/STM32L4xx_HAL_Driver/Inc/Legacy -I../Drivers/CMSIS/Device/ST/STM32L4xx/Include -I../Drivers/CMSIS/Include -O0 -ffunction-sections -fdata-sections -Wall -fstack-usage -fcyclomatic-complexity -MMD -MP -MF"Drivers/STM32L4xx_HAL_Driver/Src/stm32l4xx_hal_tim_ex.d" -MT"Drivers/STM32L4xx_HAL_Driver/Src/stm32l4xx_hal_tim_ex.o" --specs=nano.specs -mfpu=fpv4-sp-d16 -mfloat-abi=hard -mthumb -o "Drivers/STM32L4xx_HAL_Driver/Src/stm32l4xx_hal_tim_ex.o"
arm-none-eabi-gcc "../Drivers/STM32L4xx_HAL_Driver/Src/stm32l4xx_hal_uart.c" -mcpu=cortex-m4 -std=gnu11 -g3 -DDEBUG -DUSE_HAL_DRIVER -DSTM32L476xx -c -I../Core/Inc -I"D:/BITSILICA/SALMAN/Learning/STM32/STM32_Projects/STM32L4xx_TI_Sensors/STM32L4xx_Ti_Sensors/Core/TiBoostXLSensors" -I../Drivers/STM32L4xx_HAL_Driver/Inc -I../Drivers/STM32L4xx_HAL_Driver/Inc/Legacy -I../Drivers/CMSIS/Device/ST/STM32L4xx/Include -I../Drivers/CMSIS/Include -O0 -ffunction-sections -fdata-sections -Wall -fstack-usage -fcyclomatic-complexity -MMD -MP -MF"Drivers/STM32L4xx_HAL_Driver/Src/stm32l4xx_hal_uart.d" -MT"Drivers/STM32L4xx_HAL_Driver/Src/stm32l4xx_hal_uart.o" --specs=nano.specs -mfpu=fpv4-sp-d16 -mfloat-abi=hard -mthumb -o "Drivers/STM32L4xx_HAL_Driver/Src/stm32l4xx_hal_uart.o"
arm-none-eabi-gcc "../Drivers/STM32L4xx_HAL_Driver/Src/stm32l4xx_hal_uart_ex.c" -mcpu=cortex-m4 -std=gnu11 -g3 -DDEBUG -DUSE_HAL_DRIVER -DSTM32L476xx -c -I../Core/Inc -I"D:/BITSILICA/SALMAN/Learning/STM32/STM32_Projects/STM32L4xx_TI_Sensors/STM32L4xx_Ti_Sensors/Core/TiBoostXLSensors" -I../Drivers/STM32L4xx_HAL_Driver/Inc -I../Drivers/STM32L4xx_HAL_Driver/Inc/Legacy -I../Drivers/CMSIS/Device/ST/STM32L4xx/Include -I../Drivers/CMSIS/Include -O0 -ffunction-sections -fdata-sections -Wall -fstack-usage -fcyclomatic-complexity -MMD -MP -MF"Drivers/STM32L4xx_HAL_Driver/Src/stm32l4xx_hal_uart_ex.d" -MT"Drivers/STM32L4xx_HAL_Driver/Src/stm32l4xx_hal_uart_ex.o" --specs=nano.specs -mfpu=fpv4-sp-d16 -mfloat-abi=hard -mthumb -o "Drivers/STM32L4xx_HAL_Driver/Src/stm32l4xx_hal_uart_ex.o"
arm-none-eabi-gcc "../Core/TiBoostXLSensors/sensors.c" -mcpu=cortex-m4 -std=gnu11 -g3 -DDEBUG -DUSE_HAL_DRIVER -DSTM32L476xx -c -I../Core/Inc -I"D:/BITSILICA/SALMAN/Learning/STM32/STM32_Projects/STM32L4xx_TI_Sensors/STM32L4xx_Ti_Sensors/Core/TiBoostXLSensors" -I../Drivers/STM32L4xx_HAL_Driver/Inc -I../Drivers/STM32L4xx_HAL_Driver/Inc/Legacy -I../Drivers/CMSIS/Device/ST/STM32L4xx/Include -I../Drivers/CMSIS/Include -O0 -ffunction-sections -fdata-sections -Wall -fstack-usage -fcyclomatic-complexity -MMD -MP -MF"Core/TiBoostXLSensors/sensors.d" -MT"Core/TiBoostXLSensors/sensors.o" --specs=nano.specs -mfpu=fpv4-sp-d16 -mfloat-abi=hard -mthumb -o "Core/TiBoostXLSensors/sensors.o"
arm-none-eabi-gcc -mcpu=cortex-m4 -g3 -DDEBUG -c -x assembler-with-cpp -MMD -MP -MF"Core/Startup/startup_stm32l476rgtx.d" -MT"Core/Startup/startup_stm32l476rgtx.o" --specs=nano.specs -mfpu=fpv4-sp-d16 -mfloat-abi=hard -mthumb -o "Core/Startup/startup_stm32l476rgtx.o" "../Core/Startup/startup_stm32l476rgtx.s"
arm-none-eabi-gcc "../Core/Src/main.c" -mcpu=cortex-m4 -std=gnu11 -g3 -DDEBUG -DUSE_HAL_DRIVER -DSTM32L476xx -c -I../Core/Inc -I"D:/BITSILICA/SALMAN/Learning/STM32/STM32_Projects/STM32L4xx_TI_Sensors/STM32L4xx_Ti_Sensors/Core/TiBoostXLSensors" -I../Drivers/STM32L4xx_HAL_Driver/Inc -I../Drivers/STM32L4xx_HAL_Driver/Inc/Legacy -I../Drivers/CMSIS/Device/ST/STM32L4xx/Include -I../Drivers/CMSIS/Include -O0 -ffunction-sections -fdata-sections -Wall -fstack-usage -fcyclomatic-complexity -MMD -MP -MF"Core/Src/main.d" -MT"Core/Src/main.o" --specs=nano.specs -mfpu=fpv4-sp-d16 -mfloat-abi=hard -mthumb -o "Core/Src/main.o"
arm-none-eabi-gcc "../Core/Src/stm32l4xx_hal_msp.c" -mcpu=cortex-m4 -std=gnu11 -g3 -DDEBUG -DUSE_HAL_DRIVER -DSTM32L476xx -c -I../Core/Inc -I"D:/BITSILICA/SALMAN/Learning/STM32/STM32_Projects/STM32L4xx_TI_Sensors/STM32L4xx_Ti_Sensors/Core/TiBoostXLSensors" -I../Drivers/STM32L4xx_HAL_Driver/Inc -I../Drivers/STM32L4xx_HAL_Driver/Inc/Legacy -I../Drivers/CMSIS/Device/ST/STM32L4xx/Include -I../Drivers/CMSIS/Include -O0 -ffunction-sections -fdata-sections -Wall -fstack-usage -fcyclomatic-complexity -MMD -MP -MF"Core/Src/stm32l4xx_hal_msp.d" -MT"Core/Src/stm32l4xx_hal_msp.o" --specs=nano.specs -mfpu=fpv4-sp-d16 -mfloat-abi=hard -mthumb -o "Core/Src/stm32l4xx_hal_msp.o"
arm-none-eabi-gcc "../Core/Src/stm32l4xx_it.c" -mcpu=cortex-m4 -std=gnu11 -g3 -DDEBUG -DUSE_HAL_DRIVER -DSTM32L476xx -c -I../Core/Inc -I"D:/BITSILICA/SALMAN/Learning/STM32/STM32_Projects/STM32L4xx_TI_Sensors/STM32L4xx_Ti_Sensors/Core/TiBoostXLSensors" -I../Drivers/STM32L4xx_HAL_Driver/Inc -I../Drivers/STM32L4xx_HAL_Driver/Inc/Legacy -I../Drivers/CMSIS/Device/ST/STM32L4xx/Include -I../Drivers/CMSIS/Include -O0 -ffunction-sections -fdata-sections -Wall -fstack-usage -fcyclomatic-complexity -MMD -MP -MF"Core/Src/stm32l4xx_it.d" -MT"Core/Src/stm32l4xx_it.o" --specs=nano.specs -mfpu=fpv4-sp-d16 -mfloat-abi=hard -mthumb -o "Core/Src/stm32l4xx_it.o"
arm-none-eabi-gcc "../Core/Src/syscalls.c" -mcpu=cortex-m4 -std=gnu11 -g3 -DDEBUG -DUSE_HAL_DRIVER -DSTM32L476xx -c -I../Core/Inc -I"D:/BITSILICA/SALMAN/Learning/STM32/STM32_Projects/STM32L4xx_TI_Sensors/STM32L4xx_Ti_Sensors/Core/TiBoostXLSensors" -I../Drivers/STM32L4xx_HAL_Driver/Inc -I../Drivers/STM32L4xx_HAL_Driver/Inc/Legacy -I../Drivers/CMSIS/Device/ST/STM32L4xx/Include -I../Drivers/CMSIS/Include -O0 -ffunction-sections -fdata-sections -Wall -fstack-usage -fcyclomatic-complexity -MMD -MP -MF"Core/Src/syscalls.d" -MT"Core/Src/syscalls.o" --specs=nano.specs -mfpu=fpv4-sp-d16 -mfloat-abi=hard -mthumb -o "Core/Src/syscalls.o"
arm-none-eabi-gcc "../Core/Src/sysmem.c" -mcpu=cortex-m4 -std=gnu11 -g3 -DDEBUG -DUSE_HAL_DRIVER -DSTM32L476xx -c -I../Core/Inc -I"D:/BITSILICA/SALMAN/Learning/STM32/STM32_Projects/STM32L4xx_TI_Sensors/STM32L4xx_Ti_Sensors/Core/TiBoostXLSensors" -I../Drivers/STM32L4xx_HAL_Driver/Inc -I../Drivers/STM32L4xx_HAL_Driver/Inc/Legacy -I../Drivers/CMSIS/Device/ST/STM32L4xx/Include -I../Drivers/CMSIS/Include -O0 -ffunction-sections -fdata-sections -Wall -fstack-usage -fcyclomatic-complexity -MMD -MP -MF"Core/Src/sysmem.d" -MT"Core/Src/sysmem.o" --specs=nano.specs -mfpu=fpv4-sp-d16 -mfloat-abi=hard -mthumb -o "Core/Src/sysmem.o"
arm-none-eabi-gcc "../Core/Src/system_stm32l4xx.c" -mcpu=cortex-m4 -std=gnu11 -g3 -DDEBUG -DUSE_HAL_DRIVER -DSTM32L476xx -c -I../Core/Inc -I"D:/BITSILICA/SALMAN/Learning/STM32/STM32_Projects/STM32L4xx_TI_Sensors/STM32L4xx_Ti_Sensors/Core/TiBoostXLSensors" -I../Drivers/STM32L4xx_HAL_Driver/Inc -I../Drivers/STM32L4xx_HAL_Driver/Inc/Legacy -I../Drivers/CMSIS/Device/ST/STM32L4xx/Include -I../Drivers/CMSIS/Include -O0 -ffunction-sections -fdata-sections -Wall -fstack-usage -fcyclomatic-complexity -MMD -MP -MF"Core/Src/system_stm32l4xx.d" -MT"Core/Src/system_stm32l4xx.o" --specs=nano.specs -mfpu=fpv4-sp-d16 -mfloat-abi=hard -mthumb -o "Core/Src/system_stm32l4xx.o"
arm-none-eabi-gcc -o "STM32L4xx_Ti_Sensors.elf" @"objects.list"   -mcpu=cortex-m4 -T"D:\BITSILICA\SALMAN\Learning\STM32\STM32_Projects\STM32L4xx_TI_Sensors\STM32L4xx_Ti_Sensors\STM32L476RGTX_FLASH.ld" --specs=nosys.specs -Wl,-Map="STM32L4xx_Ti_Sensors.map" -Wl,--gc-sections -static --specs=nano.specs -mfpu=fpv4-sp-d16 -mfloat-abi=hard -mthumb -Wl,--start-group -lc -lm -Wl,--end-group
Finished building target: STM32L4xx_Ti_Sensors.elf
 
arm-none-eabi-size  STM32L4xx_Ti_Sensors.elf 
arm-none-eabi-objdump -h -S STM32L4xx_Ti_Sensors.elf  > "STM32L4xx_Ti_Sensors.list"
   text	   data	    bss	    dec	    hex	filename
  13676	     20	   1788	  15484	   3c7c	STM32L4xx_Ti_Sensors.elf
Finished building: default.size.stdout
 
Finished building: STM32L4xx_Ti_Sensors.list
 
11:33:23 **** Incremental Build of configuration Debug for project STM32L4xx_Ti_Sensors ****
make -j12 all 
arm-none-eabi-gcc "../Core/TiBoostXLSensors/sensors.c" -mcpu=cortex-m4 -std=gnu11 -g3 -DDEBUG -DUSE_HAL_DRIVER -DSTM32L476xx -c -I../Core/Inc -I"D:/BITSILICA/SALMAN/Learning/STM32/STM32_Projects/STM32L4xx_TI_Sensors/STM32L4xx_Ti_Sensors/Core/TiBoostXLSensors" -I../Drivers/STM32L4xx_HAL_Driver/Inc -I../Drivers/STM32L4xx_HAL_Driver/Inc/Legacy -I../Drivers/CMSIS/Device/ST/STM32L4xx/Include -I../Drivers/CMSIS/Include -O0 -ffunction-sections -fdata-sections -Wall -fstack-usage -fcyclomatic-complexity -MMD -MP -MF"Core/TiBoostXLSensors/sensors.d" -MT"Core/TiBoostXLSensors/sensors.o" --specs=nano.specs -mfpu=fpv4-sp-d16 -mfloat-abi=hard -mthumb -o "Core/TiBoostXLSensors/sensors.o"
arm-none-eabi-gcc "../Core/Src/main.c" -mcpu=cortex-m4 -std=gnu11 -g3 -DDEBUG -DUSE_HAL_DRIVER -DSTM32L476xx -c -I../Core/Inc -I"D:/BITSILICA/SALMAN/Learning/STM32/STM32_Projects/STM32L4xx_TI_Sensors/STM32L4xx_Ti_Sensors/Core/TiBoostXLSensors" -I../Drivers/STM32L4xx_HAL_Driver/Inc -I../Drivers/STM32L4xx_HAL_Driver/Inc/Legacy -I../Drivers/CMSIS/Device/ST/STM32L4xx/Include -I../Drivers/CMSIS/Include -O0 -ffunction-sections -fdata-sections -Wall -fstack-usage -fcyclomatic-complexity -MMD -MP -MF"Core/Src/main.d" -MT"Core/Src/main.o" --specs=nano.specs -mfpu=fpv4-sp-d16 -mfloat-abi=hard -mthumb -o "Core/Src/main.o"
../Core/Src/main.c: In function 'main':
../Core/Src/main.c:94:3: warning: implicit declaration of function 'MX_I2C1_Init'; did you mean 'MX_GPIO_Init'? [-Wimplicit-function-declaration]
   94 |   MX_I2C1_Init();
      |   ^~~~~~~~~~~~
      |   MX_GPIO_Init
../Core/TiBoostXLSensors/sensors.c: In function 'MX_I2C1_Init':
../Core/TiBoostXLSensors/sensors.c:91:5: warning: implicit declaration of function 'Error_Handler' [-Wimplicit-function-declaration]
   91 |     Error_Handler();
      |     ^~~~~~~~~~~~~
arm-none-eabi-gcc -o "STM32L4xx_Ti_Sensors.elf" @"objects.list"   -mcpu=cortex-m4 -T"D:\BITSILICA\SALMAN\Learning\STM32\STM32_Projects\STM32L4xx_TI_Sensors\STM32L4xx_Ti_Sensors\STM32L476RGTX_FLASH.ld" --specs=nosys.specs -Wl,-Map="STM32L4xx_Ti_Sensors.map" -Wl,--gc-sections -static --specs=nano.specs -mfpu=fpv4-sp-d16 -mfloat-abi=hard -mthumb -Wl,--start-group -lc -lm -Wl,--end-group
C:/ST/STM32CubeIDE_1.14.0/STM32CubeIDE/plugins/com.st.stm32cube.ide.mcu.externaltools.gnu-tools-for-stm32.11.3.rel1.win32_1.1.100.202309141235/tools/bin/../lib/gcc/arm-none-eabi/11.3.1/../../../../arm-none-eabi/bin/ld.exe: ./Core/Src/main.o: in function `main':
D:/BITSILICA/SALMAN/Learning/STM32/STM32_Projects/STM32L4xx_TI_Sensors/STM32L4xx_Ti_Sensors/Debug/../Core/Src/main.c:94: undefined reference to `MX_I2C1_Init'
collect2.exe: error: ld returned 1 exit status
make: *** [makefile:65: STM32L4xx_Ti_Sensors.elf] Error 1
"make -j12 all" terminated with exit code 2. Build might be incomplete.
11:33:56 **** Incremental Build of configuration Debug for project STM32L4xx_Ti_Sensors ****
make -j12 all 
arm-none-eabi-gcc "../Core/TiBoostXLSensors/sensors.c" -mcpu=cortex-m4 -std=gnu11 -g3 -DDEBUG -DUSE_HAL_DRIVER -DSTM32L476xx -c -I../Core/Inc -I"D:/BITSILICA/SALMAN/Learning/STM32/STM32_Projects/STM32L4xx_TI_Sensors/STM32L4xx_Ti_Sensors/Core/TiBoostXLSensors" -I../Drivers/STM32L4xx_HAL_Driver/Inc -I../Drivers/STM32L4xx_HAL_Driver/Inc/Legacy -I../Drivers/CMSIS/Device/ST/STM32L4xx/Include -I../Drivers/CMSIS/Include -O0 -ffunction-sections -fdata-sections -Wall -fstack-usage -fcyclomatic-complexity -MMD -MP -MF"Core/TiBoostXLSensors/sensors.d" -MT"Core/TiBoostXLSensors/sensors.o" --specs=nano.specs -mfpu=fpv4-sp-d16 -mfloat-abi=hard -mthumb -o "Core/TiBoostXLSensors/sensors.o"
arm-none-eabi-gcc -o "STM32L4xx_Ti_Sensors.elf" @"objects.list"   -mcpu=cortex-m4 -T"D:\BITSILICA\SALMAN\Learning\STM32\STM32_Projects\STM32L4xx_TI_Sensors\STM32L4xx_Ti_Sensors\STM32L476RGTX_FLASH.ld" --specs=nosys.specs -Wl,-Map="STM32L4xx_Ti_Sensors.map" -Wl,--gc-sections -static --specs=nano.specs -mfpu=fpv4-sp-d16 -mfloat-abi=hard -mthumb -Wl,--start-group -lc -lm -Wl,--end-group
C:/ST/STM32CubeIDE_1.14.0/STM32CubeIDE/plugins/com.st.stm32cube.ide.mcu.externaltools.gnu-tools-for-stm32.11.3.rel1.win32_1.1.100.202309141235/tools/bin/../lib/gcc/arm-none-eabi/11.3.1/../../../../arm-none-eabi/bin/ld.exe: ./Core/Src/main.o: in function `main':
D:/BITSILICA/SALMAN/Learning/STM32/STM32_Projects/STM32L4xx_TI_Sensors/STM32L4xx_Ti_Sensors/Debug/../Core/Src/main.c:94: undefined reference to `MX_I2C1_Init'
collect2.exe: error: ld returned 1 exit status
make: *** [makefile:65: STM32L4xx_Ti_Sensors.elf] Error 1
"make -j12 all" terminated with exit code 2. Build might be incomplete.
11:34:12 **** Incremental Build of configuration Debug for project STM32L4xx_Ti_Sensors ****
make -j12 all 
arm-none-eabi-gcc "../Core/Src/main.c" -mcpu=cortex-m4 -std=gnu11 -g3 -DDEBUG -DUSE_HAL_DRIVER -DSTM32L476xx -c -I../Core/Inc -I"D:/BITSILICA/SALMAN/Learning/STM32/STM32_Projects/STM32L4xx_TI_Sensors/STM32L4xx_Ti_Sensors/Core/TiBoostXLSensors" -I../Drivers/STM32L4xx_HAL_Driver/Inc -I../Drivers/STM32L4xx_HAL_Driver/Inc/Legacy -I../Drivers/CMSIS/Device/ST/STM32L4xx/Include -I../Drivers/CMSIS/Include -O0 -ffunction-sections -fdata-sections -Wall -fstack-usage -fcyclomatic-complexity -MMD -MP -MF"Core/Src/main.d" -MT"Core/Src/main.o" --specs=nano.specs -mfpu=fpv4-sp-d16 -mfloat-abi=hard -mthumb -o "Core/Src/main.o"
arm-none-eabi-gcc -o "STM32L4xx_Ti_Sensors.elf" @"objects.list"   -mcpu=cortex-m4 -T"D:\BITSILICA\SALMAN\Learning\STM32\STM32_Projects\STM32L4xx_TI_Sensors\STM32L4xx_Ti_Sensors\STM32L476RGTX_FLASH.ld" --specs=nosys.specs -Wl,-Map="STM32L4xx_Ti_Sensors.map" -Wl,--gc-sections -static --specs=nano.specs -mfpu=fpv4-sp-d16 -mfloat-abi=hard -mthumb -Wl,--start-group -lc -lm -Wl,--end-group
Finished building target: STM32L4xx_Ti_Sensors.elf
 
arm-none-eabi-size  STM32L4xx_Ti_Sensors.elf 
arm-none-eabi-objdump -h -S STM32L4xx_Ti_Sensors.elf  > "STM32L4xx_Ti_Sensors.list"
   text	   data	    bss	    dec	    hex	filename
  12744	     20	   1708	  14472	   3888	STM32L4xx_Ti_Sensors.elf
Finished building: default.size.stdout
 
Finished building: STM32L4xx_Ti_Sensors.list
 
11:57:39 **** Incremental Build of configuration Debug for project STM32L4xx_Ti_Sensors ****
make -j12 all 
arm-none-eabi-gcc "../Core/TiBoostXLSensors/sensors.c" -mcpu=cortex-m4 -std=gnu11 -g3 -DDEBUG -DUSE_HAL_DRIVER -DSTM32L476xx -c -I../Core/Inc -I"D:/BITSILICA/SALMAN/Learning/STM32/STM32_Projects/STM32L4xx_TI_Sensors/STM32L4xx_Ti_Sensors/Core/TiBoostXLSensors" -I../Drivers/STM32L4xx_HAL_Driver/Inc -I../Drivers/STM32L4xx_HAL_Driver/Inc/Legacy -I../Drivers/CMSIS/Device/ST/STM32L4xx/Include -I../Drivers/CMSIS/Include -O0 -ffunction-sections -fdata-sections -Wall -fstack-usage -fcyclomatic-complexity -MMD -MP -MF"Core/TiBoostXLSensors/sensors.d" -MT"Core/TiBoostXLSensors/sensors.o" --specs=nano.specs -mfpu=fpv4-sp-d16 -mfloat-abi=hard -mthumb -o "Core/TiBoostXLSensors/sensors.o"
../Core/TiBoostXLSensors/sensors.c: In function 'GetOPT3001MfId':
../Core/TiBoostXLSensors/sensors.c:85:26: error: incompatible type for argument 1 of 'HAL_I2C_Mem_Read'
   85 |         HAL_I2C_Mem_Read(hi2c1, (I2C_OPT3001_SLAVE_ADDR << 1), CMD_OPT3001_MFID,
      |                          ^~~~~
      |                          |
      |                          I2C_HandleTypeDef {aka struct __I2C_HandleTypeDef}
In file included from ../Core/Inc/stm32l4xx_hal_conf.h:342,
                 from ../Drivers/STM32L4xx_HAL_Driver/Inc/stm32l4xx_hal.h:29,
                 from ../Core/TiBoostXLSensors/sensors.h:19,
                 from ../Core/TiBoostXLSensors/sensors.c:16:
../Drivers/STM32L4xx_HAL_Driver/Inc/stm32l4xx_hal_i2c.h:634:55: note: expected 'I2C_HandleTypeDef *' {aka 'struct __I2C_HandleTypeDef *'} but argument is of type 'I2C_HandleTypeDef' {aka 'struct __I2C_HandleTypeDef'}
  634 | HAL_StatusTypeDef HAL_I2C_Mem_Read(I2C_HandleTypeDef *hi2c, uint16_t DevAddress, uint16_t MemAddress,
      |                                    ~~~~~~~~~~~~~~~~~~~^~~~
make: *** [Core/TiBoostXLSensors/subdir.mk:19: Core/TiBoostXLSensors/sensors.o] Error 1
"make -j12 all" terminated with exit code 2. Build might be incomplete.
11:57:57 **** Incremental Build of configuration Debug for project STM32L4xx_Ti_Sensors ****
make -j12 all 
arm-none-eabi-gcc "../Core/TiBoostXLSensors/sensors.c" -mcpu=cortex-m4 -std=gnu11 -g3 -DDEBUG -DUSE_HAL_DRIVER -DSTM32L476xx -c -I../Core/Inc -I"D:/BITSILICA/SALMAN/Learning/STM32/STM32_Projects/STM32L4xx_TI_Sensors/STM32L4xx_Ti_Sensors/Core/TiBoostXLSensors" -I../Drivers/STM32L4xx_HAL_Driver/Inc -I../Drivers/STM32L4xx_HAL_Driver/Inc/Legacy -I../Drivers/CMSIS/Device/ST/STM32L4xx/Include -I../Drivers/CMSIS/Include -O0 -ffunction-sections -fdata-sections -Wall -fstack-usage -fcyclomatic-complexity -MMD -MP -MF"Core/TiBoostXLSensors/sensors.d" -MT"Core/TiBoostXLSensors/sensors.o" --specs=nano.specs -mfpu=fpv4-sp-d16 -mfloat-abi=hard -mthumb -o "Core/TiBoostXLSensors/sensors.o"
arm-none-eabi-gcc -o "STM32L4xx_Ti_Sensors.elf" @"objects.list"   -mcpu=cortex-m4 -T"D:\BITSILICA\SALMAN\Learning\STM32\STM32_Projects\STM32L4xx_TI_Sensors\STM32L4xx_Ti_Sensors\STM32L476RGTX_FLASH.ld" --specs=nosys.specs -Wl,-Map="STM32L4xx_Ti_Sensors.map" -Wl,--gc-sections -static --specs=nano.specs -mfpu=fpv4-sp-d16 -mfloat-abi=hard -mthumb -Wl,--start-group -lc -lm -Wl,--end-group
Finished building target: STM32L4xx_Ti_Sensors.elf
 
arm-none-eabi-size  STM32L4xx_Ti_Sensors.elf 
arm-none-eabi-objdump -h -S STM32L4xx_Ti_Sensors.elf  > "STM32L4xx_Ti_Sensors.list"
   text	   data	    bss	    dec	    hex	filename
  12744	     20	   1708	  14472	   3888	STM32L4xx_Ti_Sensors.elf
Finished building: default.size.stdout
 
Finished building: STM32L4xx_Ti_Sensors.list
 
12:01:12 **** Incremental Build of configuration Debug for project STM32L4xx_Ti_Sensors ****
make -j12 all 
arm-none-eabi-gcc "../Core/Src/main.c" -mcpu=cortex-m4 -std=gnu11 -g3 -DDEBUG -DUSE_HAL_DRIVER -DSTM32L476xx -c -I../Core/Inc -I"D:/BITSILICA/SALMAN/Learning/STM32/STM32_Projects/STM32L4xx_TI_Sensors/STM32L4xx_Ti_Sensors/Core/TiBoostXLSensors" -I../Drivers/STM32L4xx_HAL_Driver/Inc -I../Drivers/STM32L4xx_HAL_Driver/Inc/Legacy -I../Drivers/CMSIS/Device/ST/STM32L4xx/Include -I../Drivers/CMSIS/Include -O0 -ffunction-sections -fdata-sections -Wall -fstack-usage -fcyclomatic-complexity -MMD -MP -MF"Core/Src/main.d" -MT"Core/Src/main.o" --specs=nano.specs -mfpu=fpv4-sp-d16 -mfloat-abi=hard -mthumb -o "Core/Src/main.o"
../Core/Src/main.c: In function 'main':
../Core/Src/main.c:108:26: warning: implicit declaration of function 'sprintf' [-Wimplicit-function-declaration]
  108 |           uhTxDataSize = sprintf(ucTxDataBuff, "The Manufacture ID is %X\r\n",uhMfId);
      |                          ^~~~~~~
../Core/Src/main.c:22:1: note: include '<stdio.h>' or provide a declaration of 'sprintf'
   21 | #include "sensors.h"
  +++ |+#include <stdio.h>
   22 | 
../Core/Src/main.c:108:26: warning: incompatible implicit declaration of built-in function 'sprintf' [-Wbuiltin-declaration-mismatch]
  108 |           uhTxDataSize = sprintf(ucTxDataBuff, "The Manufacture ID is %X\r\n",uhMfId);
      |                          ^~~~~~~
../Core/Src/main.c:108:26: note: include '<stdio.h>' or provide a declaration of 'sprintf'
../Core/Src/main.c:108:34: warning: pointer targets in passing argument 1 of 'sprintf' differ in signedness [-Wpointer-sign]
  108 |           uhTxDataSize = sprintf(ucTxDataBuff, "The Manufacture ID is %X\r\n",uhMfId);
      |                                  ^~~~~~~~~~~~
      |                                  |
      |                                  uint8_t * {aka unsigned char *}
../Core/Src/main.c:108:34: note: expected 'char *' but argument is of type 'uint8_t *' {aka 'unsigned char *'}
arm-none-eabi-gcc -o "STM32L4xx_Ti_Sensors.elf" @"objects.list"   -mcpu=cortex-m4 -T"D:\BITSILICA\SALMAN\Learning\STM32\STM32_Projects\STM32L4xx_TI_Sensors\STM32L4xx_Ti_Sensors\STM32L476RGTX_FLASH.ld" --specs=nosys.specs -Wl,-Map="STM32L4xx_Ti_Sensors.map" -Wl,--gc-sections -static --specs=nano.specs -mfpu=fpv4-sp-d16 -mfloat-abi=hard -mthumb -Wl,--start-group -lc -lm -Wl,--end-group
Finished building target: STM32L4xx_Ti_Sensors.elf
 
arm-none-eabi-size  STM32L4xx_Ti_Sensors.elf 
arm-none-eabi-objdump -h -S STM32L4xx_Ti_Sensors.elf  > "STM32L4xx_Ti_Sensors.list"
   text	   data	    bss	    dec	    hex	filename
  18148	    100	   2124	  20372	   4f94	STM32L4xx_Ti_Sensors.elf
Finished building: default.size.stdout
 
Finished building: STM32L4xx_Ti_Sensors.list
 
12:01:27 **** Incremental Build of configuration Debug for project STM32L4xx_Ti_Sensors ****
make -j12 all 
arm-none-eabi-gcc "../Core/Src/main.c" -mcpu=cortex-m4 -std=gnu11 -g3 -DDEBUG -DUSE_HAL_DRIVER -DSTM32L476xx -c -I../Core/Inc -I"D:/BITSILICA/SALMAN/Learning/STM32/STM32_Projects/STM32L4xx_TI_Sensors/STM32L4xx_Ti_Sensors/Core/TiBoostXLSensors" -I../Drivers/STM32L4xx_HAL_Driver/Inc -I../Drivers/STM32L4xx_HAL_Driver/Inc/Legacy -I../Drivers/CMSIS/Device/ST/STM32L4xx/Include -I../Drivers/CMSIS/Include -O0 -ffunction-sections -fdata-sections -Wall -fstack-usage -fcyclomatic-complexity -MMD -MP -MF"Core/Src/main.d" -MT"Core/Src/main.o" --specs=nano.specs -mfpu=fpv4-sp-d16 -mfloat-abi=hard -mthumb -o "Core/Src/main.o"
../Core/Src/main.c: In function 'main':
../Core/Src/main.c:109:26: warning: implicit declaration of function 'sprintf' [-Wimplicit-function-declaration]
  109 |           uhTxDataSize = sprintf(ucTxDataBuff, "The Manufacture ID is %X\r\n",uhMfId);
      |                          ^~~~~~~
../Core/Src/main.c:23:1: note: include '<stdio.h>' or provide a declaration of 'sprintf'
   22 | #include "sensors.h"
  +++ |+#include <stdio.h>
   23 | 
../Core/Src/main.c:109:26: warning: incompatible implicit declaration of built-in function 'sprintf' [-Wbuiltin-declaration-mismatch]
  109 |           uhTxDataSize = sprintf(ucTxDataBuff, "The Manufacture ID is %X\r\n",uhMfId);
      |                          ^~~~~~~
../Core/Src/main.c:109:26: note: include '<stdio.h>' or provide a declaration of 'sprintf'
../Core/Src/main.c:109:34: warning: pointer targets in passing argument 1 of 'sprintf' differ in signedness [-Wpointer-sign]
  109 |           uhTxDataSize = sprintf(ucTxDataBuff, "The Manufacture ID is %X\r\n",uhMfId);
      |                                  ^~~~~~~~~~~~
      |                                  |
      |                                  uint8_t * {aka unsigned char *}
../Core/Src/main.c:109:34: note: expected 'char *' but argument is of type 'uint8_t *' {aka 'unsigned char *'}
arm-none-eabi-gcc -o "STM32L4xx_Ti_Sensors.elf" @"objects.list"   -mcpu=cortex-m4 -T"D:\BITSILICA\SALMAN\Learning\STM32\STM32_Projects\STM32L4xx_TI_Sensors\STM32L4xx_Ti_Sensors\STM32L476RGTX_FLASH.ld" --specs=nosys.specs -Wl,-Map="STM32L4xx_Ti_Sensors.map" -Wl,--gc-sections -static --specs=nano.specs -mfpu=fpv4-sp-d16 -mfloat-abi=hard -mthumb -Wl,--start-group -lc -lm -Wl,--end-group
Finished building target: STM32L4xx_Ti_Sensors.elf
 
arm-none-eabi-size  STM32L4xx_Ti_Sensors.elf 
arm-none-eabi-objdump -h -S STM32L4xx_Ti_Sensors.elf  > "STM32L4xx_Ti_Sensors.list"
   text	   data	    bss	    dec	    hex	filename
  18148	    100	   2124	  20372	   4f94	STM32L4xx_Ti_Sensors.elf
Finished building: default.size.stdout
 
Finished building: STM32L4xx_Ti_Sensors.list
 
12:01:39 **** Incremental Build of configuration Debug for project STM32L4xx_Ti_Sensors ****
make -j12 all 
arm-none-eabi-gcc "../Core/Src/main.c" -mcpu=cortex-m4 -std=gnu11 -g3 -DDEBUG -DUSE_HAL_DRIVER -DSTM32L476xx -c -I../Core/Inc -I"D:/BITSILICA/SALMAN/Learning/STM32/STM32_Projects/STM32L4xx_TI_Sensors/STM32L4xx_Ti_Sensors/Core/TiBoostXLSensors" -I../Drivers/STM32L4xx_HAL_Driver/Inc -I../Drivers/STM32L4xx_HAL_Driver/Inc/Legacy -I../Drivers/CMSIS/Device/ST/STM32L4xx/Include -I../Drivers/CMSIS/Include -O0 -ffunction-sections -fdata-sections -Wall -fstack-usage -fcyclomatic-complexity -MMD -MP -MF"Core/Src/main.d" -MT"Core/Src/main.o" --specs=nano.specs -mfpu=fpv4-sp-d16 -mfloat-abi=hard -mthumb -o "Core/Src/main.o"
../Core/Src/main.c: In function 'main':
../Core/Src/main.c:109:26: warning: implicit declaration of function 'sprintf' [-Wimplicit-function-declaration]
  109 |           uhTxDataSize = sprintf((char*)ucTxDataBuff, "The Manufacture ID is %X\r\n",uhMfId);
      |                          ^~~~~~~
../Core/Src/main.c:23:1: note: include '<stdio.h>' or provide a declaration of 'sprintf'
   22 | #include "sensors.h"
  +++ |+#include <stdio.h>
   23 | 
../Core/Src/main.c:109:26: warning: incompatible implicit declaration of built-in function 'sprintf' [-Wbuiltin-declaration-mismatch]
  109 |           uhTxDataSize = sprintf((char*)ucTxDataBuff, "The Manufacture ID is %X\r\n",uhMfId);
      |                          ^~~~~~~
../Core/Src/main.c:109:26: note: include '<stdio.h>' or provide a declaration of 'sprintf'
arm-none-eabi-gcc -o "STM32L4xx_Ti_Sensors.elf" @"objects.list"   -mcpu=cortex-m4 -T"D:\BITSILICA\SALMAN\Learning\STM32\STM32_Projects\STM32L4xx_TI_Sensors\STM32L4xx_Ti_Sensors\STM32L476RGTX_FLASH.ld" --specs=nosys.specs -Wl,-Map="STM32L4xx_Ti_Sensors.map" -Wl,--gc-sections -static --specs=nano.specs -mfpu=fpv4-sp-d16 -mfloat-abi=hard -mthumb -Wl,--start-group -lc -lm -Wl,--end-group
Finished building target: STM32L4xx_Ti_Sensors.elf
 
arm-none-eabi-size  STM32L4xx_Ti_Sensors.elf 
arm-none-eabi-objdump -h -S STM32L4xx_Ti_Sensors.elf  > "STM32L4xx_Ti_Sensors.list"
   text	   data	    bss	    dec	    hex	filename
  18148	    100	   2124	  20372	   4f94	STM32L4xx_Ti_Sensors.elf
Finished building: default.size.stdout
 
Finished building: STM32L4xx_Ti_Sensors.list
 
12:02:02 **** Incremental Build of configuration Debug for project STM32L4xx_Ti_Sensors ****
make -j12 all 
arm-none-eabi-gcc "../Core/Src/main.c" -mcpu=cortex-m4 -std=gnu11 -g3 -DDEBUG -DUSE_HAL_DRIVER -DSTM32L476xx -c -I../Core/Inc -I"D:/BITSILICA/SALMAN/Learning/STM32/STM32_Projects/STM32L4xx_TI_Sensors/STM32L4xx_Ti_Sensors/Core/TiBoostXLSensors" -I../Drivers/STM32L4xx_HAL_Driver/Inc -I../Drivers/STM32L4xx_HAL_Driver/Inc/Legacy -I../Drivers/CMSIS/Device/ST/STM32L4xx/Include -I../Drivers/CMSIS/Include -O0 -ffunction-sections -fdata-sections -Wall -fstack-usage -fcyclomatic-complexity -MMD -MP -MF"Core/Src/main.d" -MT"Core/Src/main.o" --specs=nano.specs -mfpu=fpv4-sp-d16 -mfloat-abi=hard -mthumb -o "Core/Src/main.o"
arm-none-eabi-gcc -o "STM32L4xx_Ti_Sensors.elf" @"objects.list"   -mcpu=cortex-m4 -T"D:\BITSILICA\SALMAN\Learning\STM32\STM32_Projects\STM32L4xx_TI_Sensors\STM32L4xx_Ti_Sensors\STM32L476RGTX_FLASH.ld" --specs=nosys.specs -Wl,-Map="STM32L4xx_Ti_Sensors.map" -Wl,--gc-sections -static --specs=nano.specs -mfpu=fpv4-sp-d16 -mfloat-abi=hard -mthumb -Wl,--start-group -lc -lm -Wl,--end-group
Finished building target: STM32L4xx_Ti_Sensors.elf
 
arm-none-eabi-size  STM32L4xx_Ti_Sensors.elf 
arm-none-eabi-objdump -h -S STM32L4xx_Ti_Sensors.elf  > "STM32L4xx_Ti_Sensors.list"
   text	   data	    bss	    dec	    hex	filename
  18148	    100	   2124	  20372	   4f94	STM32L4xx_Ti_Sensors.elf
Finished building: default.size.stdout
 
Finished building: STM32L4xx_Ti_Sensors.list
 
12:25:25 **** Incremental Build of configuration Debug for project STM32L4xx_Ti_Sensors ****
make -j12 all 
arm-none-eabi-size  STM32L4xx_Ti_Sensors.elf 
   text	   data	    bss	    dec	    hex	filename
  18148	    100	   2124	  20372	   4f94	STM32L4xx_Ti_Sensors.elf
Finished building: default.size.stdout
 
12:25:31 **** Incremental Build of configuration Debug for project STM32L4xx_Ti_Sensors ****
make -j12 all 
arm-none-eabi-size  STM32L4xx_Ti_Sensors.elf 
   text	   data	    bss	    dec	    hex	filename
  18148	    100	   2124	  20372	   4f94	STM32L4xx_Ti_Sensors.elf
Finished building: default.size.stdout
 
12:28:40 **** Incremental Build of configuration Debug for project STM32L4xx_Ti_Sensors ****
make -j12 all 
arm-none-eabi-gcc "../Core/TiBoostXLSensors/sensors.c" -mcpu=cortex-m4 -std=gnu11 -g3 -DDEBUG -DUSE_HAL_DRIVER -DSTM32L476xx -c -I../Core/Inc -I"D:/BITSILICA/SALMAN/Learning/STM32/STM32_Projects/STM32L4xx_TI_Sensors/STM32L4xx_Ti_Sensors/Core/TiBoostXLSensors" -I../Drivers/STM32L4xx_HAL_Driver/Inc -I../Drivers/STM32L4xx_HAL_Driver/Inc/Legacy -I../Drivers/CMSIS/Device/ST/STM32L4xx/Include -I../Drivers/CMSIS/Include -O0 -ffunction-sections -fdata-sections -Wall -fstack-usage -fcyclomatic-complexity -MMD -MP -MF"Core/TiBoostXLSensors/sensors.d" -MT"Core/TiBoostXLSensors/sensors.o" --specs=nano.specs -mfpu=fpv4-sp-d16 -mfloat-abi=hard -mthumb -o "Core/TiBoostXLSensors/sensors.o"
arm-none-eabi-gcc -o "STM32L4xx_Ti_Sensors.elf" @"objects.list"   -mcpu=cortex-m4 -T"D:\BITSILICA\SALMAN\Learning\STM32\STM32_Projects\STM32L4xx_TI_Sensors\STM32L4xx_Ti_Sensors\STM32L476RGTX_FLASH.ld" --specs=nosys.specs -Wl,-Map="STM32L4xx_Ti_Sensors.map" -Wl,--gc-sections -static --specs=nano.specs -mfpu=fpv4-sp-d16 -mfloat-abi=hard -mthumb -Wl,--start-group -lc -lm -Wl,--end-group
Finished building target: STM32L4xx_Ti_Sensors.elf
 
arm-none-eabi-size  STM32L4xx_Ti_Sensors.elf 
arm-none-eabi-objdump -h -S STM32L4xx_Ti_Sensors.elf  > "STM32L4xx_Ti_Sensors.list"
   text	   data	    bss	    dec	    hex	filename
  18148	    100	   2124	  20372	   4f94	STM32L4xx_Ti_Sensors.elf
Finished building: default.size.stdout
 
Finished building: STM32L4xx_Ti_Sensors.list
 
12:28:45 **** Incremental Build of configuration Debug for project STM32L4xx_Ti_Sensors ****
make -j12 all 
arm-none-eabi-size  STM32L4xx_Ti_Sensors.elf 
   text	   data	    bss	    dec	    hex	filename
  18148	    100	   2124	  20372	   4f94	STM32L4xx_Ti_Sensors.elf
Finished building: default.size.stdout
 
12:44:27 **** Incremental Build of configuration Debug for project STM32L4xx_Ti_Sensors ****
make -j12 all 
arm-none-eabi-gcc "../Core/TiBoostXLSensors/sensors.c" -mcpu=cortex-m4 -std=gnu11 -g3 -DDEBUG -DUSE_HAL_DRIVER -DSTM32L476xx -c -I../Core/Inc -I"D:/BITSILICA/SALMAN/Learning/STM32/STM32_Projects/STM32L4xx_TI_Sensors/STM32L4xx_Ti_Sensors/Core/TiBoostXLSensors" -I../Drivers/STM32L4xx_HAL_Driver/Inc -I../Drivers/STM32L4xx_HAL_Driver/Inc/Legacy -I../Drivers/CMSIS/Device/ST/STM32L4xx/Include -I../Drivers/CMSIS/Include -O0 -ffunction-sections -fdata-sections -Wall -fstack-usage -fcyclomatic-complexity -MMD -MP -MF"Core/TiBoostXLSensors/sensors.d" -MT"Core/TiBoostXLSensors/sensors.o" --specs=nano.specs -mfpu=fpv4-sp-d16 -mfloat-abi=hard -mthumb -o "Core/TiBoostXLSensors/sensors.o"
arm-none-eabi-gcc -o "STM32L4xx_Ti_Sensors.elf" @"objects.list"   -mcpu=cortex-m4 -T"D:\BITSILICA\SALMAN\Learning\STM32\STM32_Projects\STM32L4xx_TI_Sensors\STM32L4xx_Ti_Sensors\STM32L476RGTX_FLASH.ld" --specs=nosys.specs -Wl,-Map="STM32L4xx_Ti_Sensors.map" -Wl,--gc-sections -static --specs=nano.specs -mfpu=fpv4-sp-d16 -mfloat-abi=hard -mthumb -Wl,--start-group -lc -lm -Wl,--end-group
Finished building target: STM32L4xx_Ti_Sensors.elf
 
arm-none-eabi-size  STM32L4xx_Ti_Sensors.elf 
arm-none-eabi-objdump -h -S STM32L4xx_Ti_Sensors.elf  > "STM32L4xx_Ti_Sensors.list"
   text	   data	    bss	    dec	    hex	filename
  18148	    100	   2124	  20372	   4f94	STM32L4xx_Ti_Sensors.elf
Finished building: default.size.stdout
 
Finished building: STM32L4xx_Ti_Sensors.list
 
12:44:33 **** Incremental Build of configuration Debug for project STM32L4xx_Ti_Sensors ****
make -j12 all 
arm-none-eabi-size  STM32L4xx_Ti_Sensors.elf 
   text	   data	    bss	    dec	    hex	filename
  18148	    100	   2124	  20372	   4f94	STM32L4xx_Ti_Sensors.elf
Finished building: default.size.stdout
 
18:22:58 **** Incremental Build of configuration Debug for project STM32L4xx_Ti_Sensors ****
make -j12 all 
arm-none-eabi-gcc "../Core/TiBoostXLSensors/sensors.c" -mcpu=cortex-m4 -std=gnu11 -g3 -DDEBUG -DUSE_HAL_DRIVER -DSTM32L476xx -c -I../Core/Inc -I"D:/BITSILICA/SALMAN/Learning/STM32/STM32_Projects/STM32L4xx_TI_Sensors/STM32L4xx_Ti_Sensors/Core/TiBoostXLSensors" -I../Drivers/STM32L4xx_HAL_Driver/Inc -I../Drivers/STM32L4xx_HAL_Driver/Inc/Legacy -I../Drivers/CMSIS/Device/ST/STM32L4xx/Include -I../Drivers/CMSIS/Include -O0 -ffunction-sections -fdata-sections -Wall -fstack-usage -fcyclomatic-complexity -MMD -MP -MF"Core/TiBoostXLSensors/sensors.d" -MT"Core/TiBoostXLSensors/sensors.o" --specs=nano.specs -mfpu=fpv4-sp-d16 -mfloat-abi=hard -mthumb -o "Core/TiBoostXLSensors/sensors.o"
arm-none-eabi-gcc -o "STM32L4xx_Ti_Sensors.elf" @"objects.list"   -mcpu=cortex-m4 -T"D:\BITSILICA\SALMAN\Learning\STM32\STM32_Projects\STM32L4xx_TI_Sensors\STM32L4xx_Ti_Sensors\STM32L476RGTX_FLASH.ld" --specs=nosys.specs -Wl,-Map="STM32L4xx_Ti_Sensors.map" -Wl,--gc-sections -static --specs=nano.specs -mfpu=fpv4-sp-d16 -mfloat-abi=hard -mthumb -Wl,--start-group -lc -lm -Wl,--end-group
Finished building target: STM32L4xx_Ti_Sensors.elf
 
arm-none-eabi-size  STM32L4xx_Ti_Sensors.elf 
arm-none-eabi-objdump -h -S STM32L4xx_Ti_Sensors.elf  > "STM32L4xx_Ti_Sensors.list"
   text	   data	    bss	    dec	    hex	filename
  18148	    100	   2124	  20372	   4f94	STM32L4xx_Ti_Sensors.elf
Finished building: default.size.stdout
 
Finished building: STM32L4xx_Ti_Sensors.list
 
18:23:06 **** Incremental Build of configuration Debug for project STM32L4xx_Ti_Sensors ****
make -j12 all 
arm-none-eabi-size  STM32L4xx_Ti_Sensors.elf 
   text	   data	    bss	    dec	    hex	filename
  18148	    100	   2124	  20372	   4f94	STM32L4xx_Ti_Sensors.elf
Finished building: default.size.stdout
 
18:25:38 **** Incremental Build of configuration Debug for project STM32L4xx_Ti_Sensors ****
make -j12 all 
arm-none-eabi-gcc "../Core/TiBoostXLSensors/sensors.c" -mcpu=cortex-m4 -std=gnu11 -g3 -DDEBUG -DUSE_HAL_DRIVER -DSTM32L476xx -c -I../Core/Inc -I"D:/BITSILICA/SALMAN/Learning/STM32/STM32_Projects/STM32L4xx_TI_Sensors/STM32L4xx_Ti_Sensors/Core/TiBoostXLSensors" -I../Drivers/STM32L4xx_HAL_Driver/Inc -I../Drivers/STM32L4xx_HAL_Driver/Inc/Legacy -I../Drivers/CMSIS/Device/ST/STM32L4xx/Include -I../Drivers/CMSIS/Include -O0 -ffunction-sections -fdata-sections -Wall -fstack-usage -fcyclomatic-complexity -MMD -MP -MF"Core/TiBoostXLSensors/sensors.d" -MT"Core/TiBoostXLSensors/sensors.o" --specs=nano.specs -mfpu=fpv4-sp-d16 -mfloat-abi=hard -mthumb -o "Core/TiBoostXLSensors/sensors.o"
../Core/TiBoostXLSensors/sensors.c: In function 'GetOPT3001MfId':
../Core/TiBoostXLSensors/sensors.c:86:17: warning: implicit declaration of function 'printf' [-Wimplicit-function-declaration]
   86 |                 printf("Device found at address 0x%02X\n", addr);
      |                 ^~~~~~
../Core/TiBoostXLSensors/sensors.c:17:1: note: include '<stdio.h>' or provide a declaration of 'printf'
   16 | #include "sensors.h"
  +++ |+#include <stdio.h>
   17 | 
../Core/TiBoostXLSensors/sensors.c:86:17: warning: incompatible implicit declaration of built-in function 'printf' [-Wbuiltin-declaration-mismatch]
   86 |                 printf("Device found at address 0x%02X\n", addr);
      |                 ^~~~~~
../Core/TiBoostXLSensors/sensors.c:86:17: note: include '<stdio.h>' or provide a declaration of 'printf'
arm-none-eabi-gcc -o "STM32L4xx_Ti_Sensors.elf" @"objects.list"   -mcpu=cortex-m4 -T"D:\BITSILICA\SALMAN\Learning\STM32\STM32_Projects\STM32L4xx_TI_Sensors\STM32L4xx_Ti_Sensors\STM32L476RGTX_FLASH.ld" --specs=nosys.specs -Wl,-Map="STM32L4xx_Ti_Sensors.map" -Wl,--gc-sections -static --specs=nano.specs -mfpu=fpv4-sp-d16 -mfloat-abi=hard -mthumb -Wl,--start-group -lc -lm -Wl,--end-group
Finished building target: STM32L4xx_Ti_Sensors.elf
 
arm-none-eabi-size  STM32L4xx_Ti_Sensors.elf 
arm-none-eabi-objdump -h -S STM32L4xx_Ti_Sensors.elf  > "STM32L4xx_Ti_Sensors.list"
   text	   data	    bss	    dec	    hex	filename
  21196	    112	   2128	  23436	   5b8c	STM32L4xx_Ti_Sensors.elf
Finished building: default.size.stdout
 
Finished building: STM32L4xx_Ti_Sensors.list
 
18:26:03 **** Incremental Build of configuration Debug for project STM32L4xx_Ti_Sensors ****
make -j12 all 
arm-none-eabi-gcc "../Core/TiBoostXLSensors/sensors.c" -mcpu=cortex-m4 -std=gnu11 -g3 -DDEBUG -DUSE_HAL_DRIVER -DSTM32L476xx -c -I../Core/Inc -I"D:/BITSILICA/SALMAN/Learning/STM32/STM32_Projects/STM32L4xx_TI_Sensors/STM32L4xx_Ti_Sensors/Core/TiBoostXLSensors" -I../Drivers/STM32L4xx_HAL_Driver/Inc -I../Drivers/STM32L4xx_HAL_Driver/Inc/Legacy -I../Drivers/CMSIS/Device/ST/STM32L4xx/Include -I../Drivers/CMSIS/Include -O0 -ffunction-sections -fdata-sections -Wall -fstack-usage -fcyclomatic-complexity -MMD -MP -MF"Core/TiBoostXLSensors/sensors.d" -MT"Core/TiBoostXLSensors/sensors.o" --specs=nano.specs -mfpu=fpv4-sp-d16 -mfloat-abi=hard -mthumb -o "Core/TiBoostXLSensors/sensors.o"
arm-none-eabi-gcc -o "STM32L4xx_Ti_Sensors.elf" @"objects.list"   -mcpu=cortex-m4 -T"D:\BITSILICA\SALMAN\Learning\STM32\STM32_Projects\STM32L4xx_TI_Sensors\STM32L4xx_Ti_Sensors\STM32L476RGTX_FLASH.ld" --specs=nosys.specs -Wl,-Map="STM32L4xx_Ti_Sensors.map" -Wl,--gc-sections -static --specs=nano.specs -mfpu=fpv4-sp-d16 -mfloat-abi=hard -mthumb -Wl,--start-group -lc -lm -Wl,--end-group
Finished building target: STM32L4xx_Ti_Sensors.elf
 
arm-none-eabi-size  STM32L4xx_Ti_Sensors.elf 
arm-none-eabi-objdump -h -S STM32L4xx_Ti_Sensors.elf  > "STM32L4xx_Ti_Sensors.list"
   text	   data	    bss	    dec	    hex	filename
  18668	    100	   2124	  20892	   519c	STM32L4xx_Ti_Sensors.elf
Finished building: default.size.stdout
 
Finished building: STM32L4xx_Ti_Sensors.list
 
18:26:28 **** Incremental Build of configuration Debug for project STM32L4xx_Ti_Sensors ****
make -j12 all 
arm-none-eabi-size  STM32L4xx_Ti_Sensors.elf 
   text	   data	    bss	    dec	    hex	filename
  18668	    100	   2124	  20892	   519c	STM32L4xx_Ti_Sensors.elf
Finished building: default.size.stdout
 
18:27:06 **** Incremental Build of configuration Debug for project STM32L4xx_Ti_Sensors ****
make -j12 all 
arm-none-eabi-gcc "../Core/TiBoostXLSensors/sensors.c" -mcpu=cortex-m4 -std=gnu11 -g3 -DDEBUG -DUSE_HAL_DRIVER -DSTM32L476xx -c -I../Core/Inc -I"D:/BITSILICA/SALMAN/Learning/STM32/STM32_Projects/STM32L4xx_TI_Sensors/STM32L4xx_Ti_Sensors/Core/TiBoostXLSensors" -I../Drivers/STM32L4xx_HAL_Driver/Inc -I../Drivers/STM32L4xx_HAL_Driver/Inc/Legacy -I../Drivers/CMSIS/Device/ST/STM32L4xx/Include -I../Drivers/CMSIS/Include -O0 -ffunction-sections -fdata-sections -Wall -fstack-usage -fcyclomatic-complexity -MMD -MP -MF"Core/TiBoostXLSensors/sensors.d" -MT"Core/TiBoostXLSensors/sensors.o" --specs=nano.specs -mfpu=fpv4-sp-d16 -mfloat-abi=hard -mthumb -o "Core/TiBoostXLSensors/sensors.o"
arm-none-eabi-gcc -o "STM32L4xx_Ti_Sensors.elf" @"objects.list"   -mcpu=cortex-m4 -T"D:\BITSILICA\SALMAN\Learning\STM32\STM32_Projects\STM32L4xx_TI_Sensors\STM32L4xx_Ti_Sensors\STM32L476RGTX_FLASH.ld" --specs=nosys.specs -Wl,-Map="STM32L4xx_Ti_Sensors.map" -Wl,--gc-sections -static --specs=nano.specs -mfpu=fpv4-sp-d16 -mfloat-abi=hard -mthumb -Wl,--start-group -lc -lm -Wl,--end-group
Finished building target: STM32L4xx_Ti_Sensors.elf
 
arm-none-eabi-size  STM32L4xx_Ti_Sensors.elf 
arm-none-eabi-objdump -h -S STM32L4xx_Ti_Sensors.elf  > "STM32L4xx_Ti_Sensors.list"
   text	   data	    bss	    dec	    hex	filename
  18672	    100	   2124	  20896	   51a0	STM32L4xx_Ti_Sensors.elf
Finished building: default.size.stdout
 
Finished building: STM32L4xx_Ti_Sensors.list
 
18:27:12 **** Incremental Build of configuration Debug for project STM32L4xx_Ti_Sensors ****
make -j12 all 
arm-none-eabi-size  STM32L4xx_Ti_Sensors.elf 
   text	   data	    bss	    dec	    hex	filename
  18672	    100	   2124	  20896	   51a0	STM32L4xx_Ti_Sensors.elf
Finished building: default.size.stdout
 
18:29:06 **** Incremental Build of configuration Debug for project STM32L4xx_Ti_Sensors ****
make -j12 all 
arm-none-eabi-gcc "../Core/TiBoostXLSensors/sensors.c" -mcpu=cortex-m4 -std=gnu11 -g3 -DDEBUG -DUSE_HAL_DRIVER -DSTM32L476xx -c -I../Core/Inc -I"D:/BITSILICA/SALMAN/Learning/STM32/STM32_Projects/STM32L4xx_TI_Sensors/STM32L4xx_Ti_Sensors/Core/TiBoostXLSensors" -I../Drivers/STM32L4xx_HAL_Driver/Inc -I../Drivers/STM32L4xx_HAL_Driver/Inc/Legacy -I../Drivers/CMSIS/Device/ST/STM32L4xx/Include -I../Drivers/CMSIS/Include -O0 -ffunction-sections -fdata-sections -Wall -fstack-usage -fcyclomatic-complexity -MMD -MP -MF"Core/TiBoostXLSensors/sensors.d" -MT"Core/TiBoostXLSensors/sensors.o" --specs=nano.specs -mfpu=fpv4-sp-d16 -mfloat-abi=hard -mthumb -o "Core/TiBoostXLSensors/sensors.o"
arm-none-eabi-gcc -o "STM32L4xx_Ti_Sensors.elf" @"objects.list"   -mcpu=cortex-m4 -T"D:\BITSILICA\SALMAN\Learning\STM32\STM32_Projects\STM32L4xx_TI_Sensors\STM32L4xx_Ti_Sensors\STM32L476RGTX_FLASH.ld" --specs=nosys.specs -Wl,-Map="STM32L4xx_Ti_Sensors.map" -Wl,--gc-sections -static --specs=nano.specs -mfpu=fpv4-sp-d16 -mfloat-abi=hard -mthumb -Wl,--start-group -lc -lm -Wl,--end-group
Finished building target: STM32L4xx_Ti_Sensors.elf
 
arm-none-eabi-size  STM32L4xx_Ti_Sensors.elf 
arm-none-eabi-objdump -h -S STM32L4xx_Ti_Sensors.elf  > "STM32L4xx_Ti_Sensors.list"
   text	   data	    bss	    dec	    hex	filename
  18148	    100	   2124	  20372	   4f94	STM32L4xx_Ti_Sensors.elf
Finished building: default.size.stdout
 
Finished building: STM32L4xx_Ti_Sensors.list
 
18:29:10 **** Incremental Build of configuration Debug for project STM32L4xx_Ti_Sensors ****
make -j12 all 
arm-none-eabi-size  STM32L4xx_Ti_Sensors.elf 
   text	   data	    bss	    dec	    hex	filename
  18148	    100	   2124	  20372	   4f94	STM32L4xx_Ti_Sensors.elf
Finished building: default.size.stdout
 
18:32:48 **** Incremental Build of configuration Debug for project STM32L4xx_Ti_Sensors ****
make -j12 all 
arm-none-eabi-gcc "../Core/TiBoostXLSensors/sensors.c" -mcpu=cortex-m4 -std=gnu11 -g3 -DDEBUG -DUSE_HAL_DRIVER -DSTM32L476xx -c -I../Core/Inc -I"D:/BITSILICA/SALMAN/Learning/STM32/STM32_Projects/STM32L4xx_TI_Sensors/STM32L4xx_Ti_Sensors/Core/TiBoostXLSensors" -I../Drivers/STM32L4xx_HAL_Driver/Inc -I../Drivers/STM32L4xx_HAL_Driver/Inc/Legacy -I../Drivers/CMSIS/Device/ST/STM32L4xx/Include -I../Drivers/CMSIS/Include -O0 -ffunction-sections -fdata-sections -Wall -fstack-usage -fcyclomatic-complexity -MMD -MP -MF"Core/TiBoostXLSensors/sensors.d" -MT"Core/TiBoostXLSensors/sensors.o" --specs=nano.specs -mfpu=fpv4-sp-d16 -mfloat-abi=hard -mthumb -o "Core/TiBoostXLSensors/sensors.o"
arm-none-eabi-gcc -o "STM32L4xx_Ti_Sensors.elf" @"objects.list"   -mcpu=cortex-m4 -T"D:\BITSILICA\SALMAN\Learning\STM32\STM32_Projects\STM32L4xx_TI_Sensors\STM32L4xx_Ti_Sensors\STM32L476RGTX_FLASH.ld" --specs=nosys.specs -Wl,-Map="STM32L4xx_Ti_Sensors.map" -Wl,--gc-sections -static --specs=nano.specs -mfpu=fpv4-sp-d16 -mfloat-abi=hard -mthumb -Wl,--start-group -lc -lm -Wl,--end-group
Finished building target: STM32L4xx_Ti_Sensors.elf
 
arm-none-eabi-size  STM32L4xx_Ti_Sensors.elf 
arm-none-eabi-objdump -h -S STM32L4xx_Ti_Sensors.elf  > "STM32L4xx_Ti_Sensors.list"
   text	   data	    bss	    dec	    hex	filename
  18148	    100	   2124	  20372	   4f94	STM32L4xx_Ti_Sensors.elf
Finished building: default.size.stdout
 
Finished building: STM32L4xx_Ti_Sensors.list
 
18:32:53 **** Incremental Build of configuration Debug for project STM32L4xx_Ti_Sensors ****
make -j12 all 
arm-none-eabi-size  STM32L4xx_Ti_Sensors.elf 
   text	   data	    bss	    dec	    hex	filename
  18148	    100	   2124	  20372	   4f94	STM32L4xx_Ti_Sensors.elf
Finished building: default.size.stdout
 
18:35:19 **** Incremental Build of configuration Debug for project STM32L4xx_Ti_Sensors ****
make -j12 all 
arm-none-eabi-gcc "../Core/TiBoostXLSensors/sensors.c" -mcpu=cortex-m4 -std=gnu11 -g3 -DDEBUG -DUSE_HAL_DRIVER -DSTM32L476xx -c -I../Core/Inc -I"D:/BITSILICA/SALMAN/Learning/STM32/STM32_Projects/STM32L4xx_TI_Sensors/STM32L4xx_Ti_Sensors/Core/TiBoostXLSensors" -I../Drivers/STM32L4xx_HAL_Driver/Inc -I../Drivers/STM32L4xx_HAL_Driver/Inc/Legacy -I../Drivers/CMSIS/Device/ST/STM32L4xx/Include -I../Drivers/CMSIS/Include -O0 -ffunction-sections -fdata-sections -Wall -fstack-usage -fcyclomatic-complexity -MMD -MP -MF"Core/TiBoostXLSensors/sensors.d" -MT"Core/TiBoostXLSensors/sensors.o" --specs=nano.specs -mfpu=fpv4-sp-d16 -mfloat-abi=hard -mthumb -o "Core/TiBoostXLSensors/sensors.o"
arm-none-eabi-gcc -o "STM32L4xx_Ti_Sensors.elf" @"objects.list"   -mcpu=cortex-m4 -T"D:\BITSILICA\SALMAN\Learning\STM32\STM32_Projects\STM32L4xx_TI_Sensors\STM32L4xx_Ti_Sensors\STM32L476RGTX_FLASH.ld" --specs=nosys.specs -Wl,-Map="STM32L4xx_Ti_Sensors.map" -Wl,--gc-sections -static --specs=nano.specs -mfpu=fpv4-sp-d16 -mfloat-abi=hard -mthumb -Wl,--start-group -lc -lm -Wl,--end-group
Finished building target: STM32L4xx_Ti_Sensors.elf
 
arm-none-eabi-size  STM32L4xx_Ti_Sensors.elf 
arm-none-eabi-objdump -h -S STM32L4xx_Ti_Sensors.elf  > "STM32L4xx_Ti_Sensors.list"
   text	   data	    bss	    dec	    hex	filename
  18148	    100	   2124	  20372	   4f94	STM32L4xx_Ti_Sensors.elf
Finished building: default.size.stdout
 
Finished building: STM32L4xx_Ti_Sensors.list
 
18:35:28 **** Incremental Build of configuration Debug for project STM32L4xx_Ti_Sensors ****
make -j12 all 
arm-none-eabi-size  STM32L4xx_Ti_Sensors.elf 
[...]
arm-none-eabi-gcc -o "STM32L4xx_Ti_Sensors.elf" @"objects.list"   -mcpu=cortex-m4 -T"D:\BITSILICA\SALMAN\Learning\STM32\STM32_Projects\STM32L4xx_TI_Sensors\STM32L4xx_Ti_Sensors\STM32L476RGTX_FLASH.ld" --specs=nosys.specs -Wl,-Map="STM32L4xx_Ti_Sensors.map" -Wl,--gc-sections -static --specs=nano.specs -mfpu=fpv4-sp-d16 -mfloat-abi=hard -mthumb -Wl,--start-group -lc -lm -Wl,--end-group
Finished building target: STM32L4xx_Ti_Sensors.elf
 
arm-none-eabi-size  STM32L4xx_Ti_Sensors.elf 
arm-none-eabi-objdump -h -S STM32L4xx_Ti_Sensors.elf  > "STM32L4xx_Ti_Sensors.list"
   text	   data	    bss	    dec	    hex	filename
  18968	    100	   2124	  21192	   52c8	STM32L4xx_Ti_Sensors.elf
Finished building: default.size.stdout
 
Finished building: STM32L4xx_Ti_Sensors.list
 
18:34:42 **** Incremental Build of configuration Debug for project STM32L4xx_Ti_Sensors ****
make -j12 all 
arm-none-eabi-size  STM32L4xx_Ti_Sensors.elf 
   text	   data	    bss	    dec	    hex	filename
  18968	    100	   2124	  21192	   52c8	STM32L4xx_Ti_Sensors.elf
Finished building: default.size.stdout
 
18:37:09 **** Incremental Build of configuration Debug for project STM32L4xx_Ti_Sensors ****
make -j12 all 
arm-none-eabi-gcc "../Core/Src/main.c" -mcpu=cortex-m4 -std=gnu11 -g3 -DDEBUG -DUSE_HAL_DRIVER -DSTM32L476xx -c -I../Core/Inc -I"D:/BITSILICA/SALMAN/Learning/STM32/STM32_Projects/STM32L4xx_TI_Sensors/STM32L4xx_Ti_Sensors/Core/TiBoostXLSensors" -I../Drivers/STM32L4xx_HAL_Driver/Inc -I../Drivers/STM32L4xx_HAL_Driver/Inc/Legacy -I../Drivers/CMSIS/Device/ST/STM32L4xx/Include -I../Drivers/CMSIS/Include -O0 -ffunction-sections -fdata-sections -Wall -fstack-usage -fcyclomatic-complexity -MMD -MP -MF"Core/Src/main.d" -MT"Core/Src/main.o" --specs=nano.specs -mfpu=fpv4-sp-d16 -mfloat-abi=hard -mthumb -o "Core/Src/main.o"
arm-none-eabi-gcc -o "STM32L4xx_Ti_Sensors.elf" @"objects.list"   -mcpu=cortex-m4 -T"D:\BITSILICA\SALMAN\Learning\STM32\STM32_Projects\STM32L4xx_TI_Sensors\STM32L4xx_Ti_Sensors\STM32L476RGTX_FLASH.ld" --specs=nosys.specs -Wl,-Map="STM32L4xx_Ti_Sensors.map" -Wl,--gc-sections -static --specs=nano.specs -mfpu=fpv4-sp-d16 -mfloat-abi=hard -mthumb -Wl,--start-group -lc -lm -Wl,--end-group
Finished building target: STM32L4xx_Ti_Sensors.elf
 
arm-none-eabi-size  STM32L4xx_Ti_Sensors.elf 
arm-none-eabi-objdump -h -S STM32L4xx_Ti_Sensors.elf  > "STM32L4xx_Ti_Sensors.list"
   text	   data	    bss	    dec	    hex	filename
  18960	    100	   2124	  21184	   52c0	STM32L4xx_Ti_Sensors.elf
Finished building: default.size.stdout
 
Finished building: STM32L4xx_Ti_Sensors.list
 
18:37:13 **** Incremental Build of configuration Debug for project STM32L4xx_Ti_Sensors ****
make -j12 all 
arm-none-eabi-size  STM32L4xx_Ti_Sensors.elf 
   text	   data	    bss	    dec	    hex	filename
  18960	    100	   2124	  21184	   52c0	STM32L4xx_Ti_Sensors.elf
Finished building: default.size.stdout
 
18:50:30 **** Incremental Build of configuration Debug for project STM32L4xx_Ti_Sensors ****
make -j12 all 
arm-none-eabi-gcc "../Core/TiBoostXLSensors/sensors.c" -mcpu=cortex-m4 -std=gnu11 -g3 -DDEBUG -DUSE_HAL_DRIVER -DSTM32L476xx -c -I../Core/Inc -I"D:/BITSILICA/SALMAN/Learning/STM32/STM32_Projects/STM32L4xx_TI_Sensors/STM32L4xx_Ti_Sensors/Core/TiBoostXLSensors" -I../Drivers/STM32L4xx_HAL_Driver/Inc -I../Drivers/STM32L4xx_HAL_Driver/Inc/Legacy -I../Drivers/CMSIS/Device/ST/STM32L4xx/Include -I../Drivers/CMSIS/Include -O0 -ffunction-sections -fdata-sections -Wall -fstack-usage -fcyclomatic-complexity -MMD -MP -MF"Core/TiBoostXLSensors/sensors.d" -MT"Core/TiBoostXLSensors/sensors.o" --specs=nano.specs -mfpu=fpv4-sp-d16 -mfloat-abi=hard -mthumb -o "Core/TiBoostXLSensors/sensors.o"
../Core/TiBoostXLSensors/sensors.c:928:17: warning: 'GetBME280Pressure' defined but not used [-Wunused-function]
  928 | static uint32_t GetBME280Pressure(void)
      |                 ^~~~~~~~~~~~~~~~~
arm-none-eabi-gcc -o "STM32L4xx_Ti_Sensors.elf" @"objects.list"   -mcpu=cortex-m4 -T"D:\BITSILICA\SALMAN\Learning\STM32\STM32_Projects\STM32L4xx_TI_Sensors\STM32L4xx_Ti_Sensors\STM32L476RGTX_FLASH.ld" --specs=nosys.specs -Wl,-Map="STM32L4xx_Ti_Sensors.map" -Wl,--gc-sections -static --specs=nano.specs -mfpu=fpv4-sp-d16 -mfloat-abi=hard -mthumb -Wl,--start-group -lc -lm -Wl,--end-group
Finished building target: STM32L4xx_Ti_Sensors.elf
 
arm-none-eabi-size  STM32L4xx_Ti_Sensors.elf 
arm-none-eabi-objdump -h -S STM32L4xx_Ti_Sensors.elf  > "STM32L4xx_Ti_Sensors.list"
   text	   data	    bss	    dec	    hex	filename
  18960	    100	   2124	  21184	   52c0	STM32L4xx_Ti_Sensors.elf
Finished building: default.size.stdout
 
Finished building: STM32L4xx_Ti_Sensors.list
 
18:51:05 **** Incremental Build of configuration Debug for project STM32L4xx_Ti_Sensors ****
make -j12 all 
arm-none-eabi-gcc "../Core/TiBoostXLSensors/sensors.c" -mcpu=cortex-m4 -std=gnu11 -g3 -DDEBUG -DUSE_HAL_DRIVER -DSTM32L476xx -c -I../Core/Inc -I"D:/BITSILICA/SALMAN/Learning/STM32/STM32_Projects/STM32L4xx_TI_Sensors/STM32L4xx_Ti_Sensors/Core/TiBoostXLSensors" -I../Drivers/STM32L4xx_HAL_Driver/Inc -I../Drivers/STM32L4xx_HAL_Driver/Inc/Legacy -I../Drivers/CMSIS/Device/ST/STM32L4xx/Include -I../Drivers/CMSIS/Include -O0 -ffunction-sections -fdata-sections -Wall -fstack-usage -fcyclomatic-complexity -MMD -MP -MF"Core/TiBoostXLSensors/sensors.d" -MT"Core/TiBoostXLSensors/sensors.o" --specs=nano.specs -mfpu=fpv4-sp-d16 -mfloat-abi=hard -mthumb -o "Core/TiBoostXLSensors/sensors.o"
arm-none-eabi-gcc -o "STM32L4xx_Ti_Sensors.elf" @"objects.list"   -mcpu=cortex-m4 -T"D:\BITSILICA\SALMAN\Learning\STM32\STM32_Projects\STM32L4xx_TI_Sensors\STM32L4xx_Ti_Sensors\STM32L476RGTX_FLASH.ld" --specs=nosys.specs -Wl,-Map="STM32L4xx_Ti_Sensors.map" -Wl,--gc-sections -static --specs=nano.specs -mfpu=fpv4-sp-d16 -mfloat-abi=hard -mthumb -Wl,--start-group -lc -lm -Wl,--end-group
Finished building target: STM32L4xx_Ti_Sensors.elf
 
arm-none-eabi-size  STM32L4xx_Ti_Sensors.elf 
arm-none-eabi-objdump -h -S STM32L4xx_Ti_Sensors.elf  > "STM32L4xx_Ti_Sensors.list"
   text	   data	    bss	    dec	    hex	filename
  19212	    100	   2124	  21436	   53bc	STM32L4xx_Ti_Sensors.elf
Finished building: default.size.stdout
 
Finished building: STM32L4xx_Ti_Sensors.list
 
18:51:47 **** Incremental Build of configuration Debug for project STM32L4xx_Ti_Sensors ****
make -j12 all 
arm-none-eabi-gcc "../Core/Src/main.c" -mcpu=cortex-m4 -std=gnu11 -g3 -DDEBUG -DUSE_HAL_DRIVER -DSTM32L476xx -c -I../Core/Inc -I"D:/BITSILICA/SALMAN/Learning/STM32/STM32_Projects/STM32L4xx_TI_Sensors/STM32L4xx_Ti_Sensors/Core/TiBoostXLSensors" -I../Drivers/STM32L4xx_HAL_Driver/Inc -I../Drivers/STM32L4xx_HAL_Driver/Inc/Legacy -I../Drivers/CMSIS/Device/ST/STM32L4xx/Include -I../Drivers/CMSIS/Include -O0 -ffunction-sections -fdata-sections -Wall -fstack-usage -fcyclomatic-complexity -MMD -MP -MF"Core/Src/main.d" -MT"Core/Src/main.o" --specs=nano.specs -mfpu=fpv4-sp-d16 -mfloat-abi=hard -mthumb -o "Core/Src/main.o"
arm-none-eabi-gcc -o "STM32L4xx_Ti_Sensors.elf" @"objects.list"   -mcpu=cortex-m4 -T"D:\BITSILICA\SALMAN\Learning\STM32\STM32_Projects\STM32L4xx_TI_Sensors\STM32L4xx_Ti_Sensors\STM32L476RGTX_FLASH.ld" --specs=nosys.specs -Wl,-Map="STM32L4xx_Ti_Sensors.map" -Wl,--gc-sections -static --specs=nano.specs -mfpu=fpv4-sp-d16 -mfloat-abi=hard -mthumb -Wl,--start-group -lc -lm -Wl,--end-group
Finished building target: STM32L4xx_Ti_Sensors.elf
 
arm-none-eabi-size  STM32L4xx_Ti_Sensors.elf 
arm-none-eabi-objdump -h -S STM32L4xx_Ti_Sensors.elf  > "STM32L4xx_Ti_Sensors.list"
   text	   data	    bss	    dec	    hex	filename
  19208	    100	   2124	  21432	   53b8	STM32L4xx_Ti_Sensors.elf
Finished building: default.size.stdout
 
Finished building: STM32L4xx_Ti_Sensors.list
 
19:16:44 **** Incremental Build of configuration Debug for project STM32L4xx_Ti_Sensors ****
make -j12 all 
arm-none-eabi-gcc "../Core/TiBoostXLSensors/sensors.c" -mcpu=cortex-m4 -std=gnu11 -g3 -DDEBUG -DUSE_HAL_DRIVER -DSTM32L476xx -c -I../Core/Inc -I"D:/BITSILICA/SALMAN/Learning/STM32/STM32_Projects/STM32L4xx_TI_Sensors/STM32L4xx_Ti_Sensors/Core/TiBoostXLSensors" -I../Drivers/STM32L4xx_HAL_Driver/Inc -I../Drivers/STM32L4xx_HAL_Driver/Inc/Legacy -I../Drivers/CMSIS/Device/ST/STM32L4xx/Include -I../Drivers/CMSIS/Include -O0 -ffunction-sections -fdata-sections -Wall -fstack-usage -fcyclomatic-complexity -MMD -MP -MF"Core/TiBoostXLSensors/sensors.d" -MT"Core/TiBoostXLSensors/sensors.o" --specs=nano.specs -mfpu=fpv4-sp-d16 -mfloat-abi=hard -mthumb -o "Core/TiBoostXLSensors/sensors.o"
arm-none-eabi-gcc -o "STM32L4xx_Ti_Sensors.elf" @"objects.list"   -mcpu=cortex-m4 -T"D:\BITSILICA\SALMAN\Learning\STM32\STM32_Projects\STM32L4xx_TI_Sensors\STM32L4xx_Ti_Sensors\STM32L476RGTX_FLASH.ld" --specs=nosys.specs -Wl,-Map="STM32L4xx_Ti_Sensors.map" -Wl,--gc-sections -static --specs=nano.specs -mfpu=fpv4-sp-d16 -mfloat-abi=hard -mthumb -Wl,--start-group -lc -lm -Wl,--end-group
Finished building target: STM32L4xx_Ti_Sensors.elf
 
arm-none-eabi-size  STM32L4xx_Ti_Sensors.elf 
arm-none-eabi-objdump -h -S STM32L4xx_Ti_Sensors.elf  > "STM32L4xx_Ti_Sensors.list"
   text	   data	    bss	    dec	    hex	filename
  19288	    100	   2124	  21512	   5408	STM32L4xx_Ti_Sensors.elf
Finished building: default.size.stdout
 
Finished building: STM32L4xx_Ti_Sensors.list
 
19:16:59 **** Incremental Build of configuration Debug for project STM32L4xx_Ti_Sensors ****
make -j12 all 
arm-none-eabi-size  STM32L4xx_Ti_Sensors.elf 
   text	   data	    bss	    dec	    hex	filename
  19288	    100	   2124	  21512	   5408	STM32L4xx_Ti_Sensors.elf
Finished building: default.size.stdout
 
19:19:52 **** Incremental Build of configuration Debug for project STM32L4xx_Ti_Sensors ****
make -j12 all 
arm-none-eabi-gcc "../Core/TiBoostXLSensors/sensors.c" -mcpu=cortex-m4 -std=gnu11 -g3 -DDEBUG -DUSE_HAL_DRIVER -DSTM32L476xx -c -I../Core/Inc -I"D:/BITSILICA/SALMAN/Learning/STM32/STM32_Projects/STM32L4xx_TI_Sensors/STM32L4xx_Ti_Sensors/Core/TiBoostXLSensors" -I../Drivers/STM32L4xx_HAL_Driver/Inc -I../Drivers/STM32L4xx_HAL_Driver/Inc/Legacy -I../Drivers/CMSIS/Device/ST/STM32L4xx/Include -I../Drivers/CMSIS/Include -O0 -ffunction-sections -fdata-sections -Wall -fstack-usage -fcyclomatic-complexity -MMD -MP -MF"Core/TiBoostXLSensors/sensors.d" -MT"Core/TiBoostXLSensors/sensors.o" --specs=nano.specs -mfpu=fpv4-sp-d16 -mfloat-abi=hard -mthumb -o "Core/TiBoostXLSensors/sensors.o"
arm-none-eabi-gcc -o "STM32L4xx_Ti_Sensors.elf" @"objects.list"   -mcpu=cortex-m4 -T"D:\BITSILICA\SALMAN\Learning\STM32\STM32_Projects\STM32L4xx_TI_Sensors\STM32L4xx_Ti_Sensors\STM32L476RGTX_FLASH.ld" --specs=nosys.specs -Wl,-Map="STM32L4xx_Ti_Sensors.map" -Wl,--gc-sections -static --specs=nano.specs -mfpu=fpv4-sp-d16 -mfloat-abi=hard -mthumb -Wl,--start-group -lc -lm -Wl,--end-group
Finished building target: STM32L4xx_Ti_Sensors.elf
 
arm-none-eabi-size  STM32L4xx_Ti_Sensors.elf 
arm-none-eabi-objdump -h -S STM32L4xx_Ti_Sensors.elf  > "STM32L4xx_Ti_Sensors.list"
   text	   data	    bss	    dec	    hex	filename
  19160	    100	   2124	  21384	   5388	STM32L4xx_Ti_Sensors.elf
Finished building: default.size.stdout
 
Finished building: STM32L4xx_Ti_Sensors.list
 
19:19:59 **** Incremental Build of configuration Debug for project STM32L4xx_Ti_Sensors ****
make -j12 all 
arm-none-eabi-size  STM32L4xx_Ti_Sensors.elf 
   text	   data	    bss	    dec	    hex	filename
  19160	    100	   2124	  21384	   5388	STM32L4xx_Ti_Sensors.elf
Finished building: default.size.stdout
 
19:22:25 **** Incremental Build of configuration Debug for project STM32L4xx_Ti_Sensors ****
make -j12 all 
arm-none-eabi-gcc "../Core/TiBoostXLSensors/sensors.c" -mcpu=cortex-m4 -std=gnu11 -g3 -DDEBUG -DUSE_HAL_DRIVER -DSTM32L476xx -c -I../Core/Inc -I"D:/BITSILICA/SALMAN/Learning/STM32/STM32_Projects/STM32L4xx_TI_Sensors/STM32L4xx_Ti_Sensors/Core/TiBoostXLSensors" -I../Drivers/STM32L4xx_HAL_Driver/Inc -I../Drivers/STM32L4xx_HAL_Driver/Inc/Legacy -I../Drivers/CMSIS/Device/ST/STM32L4xx/Include -I../Drivers/CMSIS/Include -O0 -ffunction-sections -fdata-sections -Wall -fstack-usage -fcyclomatic-complexity -MMD -MP -MF"Core/TiBoostXLSensors/sensors.d" -MT"Core/TiBoostXLSensors/sensors.o" --specs=nano.specs -mfpu=fpv4-sp-d16 -mfloat-abi=hard -mthumb -o "Core/TiBoostXLSensors/sensors.o"
arm-none-eabi-gcc -o "STM32L4xx_Ti_Sensors.elf" @"objects.list"   -mcpu=cortex-m4 -T"D:\BITSILICA\SALMAN\Learning\STM32\STM32_Projects\STM32L4xx_TI_Sensors\STM32L4xx_Ti_Sensors\STM32L476RGTX_FLASH.ld" --specs=nosys.specs -Wl,-Map="STM32L4xx_Ti_Sensors.map" -Wl,--gc-sections -static --specs=nano.specs -mfpu=fpv4-sp-d16 -mfloat-abi=hard -mthumb -Wl,--start-group -lc -lm -Wl,--end-group
Finished building target: STM32L4xx_Ti_Sensors.elf
 
arm-none-eabi-size  STM32L4xx_Ti_Sensors.elf 
arm-none-eabi-objdump -h -S STM32L4xx_Ti_Sensors.elf  > "STM32L4xx_Ti_Sensors.list"
   text	   data	    bss	    dec	    hex	filename
  19160	    100	   2124	  21384	   5388	STM32L4xx_Ti_Sensors.elf
Finished building: default.size.stdout
 
Finished building: STM32L4xx_Ti_Sensors.list
 
19:36:45 **** Incremental Build of configuration Debug for project STM32L4xx_Ti_Sensors ****
make -j12 all 
arm-none-eabi-gcc "../Core/TiBoostXLSensors/sensors.c" -mcpu=cortex-m4 -std=gnu11 -g3 -DDEBUG -DUSE_HAL_DRIVER -DSTM32L476xx -c -I../Core/Inc -I"D:/BITSILICA/SALMAN/Learning/STM32/STM32_Projects/STM32L4xx_TI_Sensors/STM32L4xx_Ti_Sensors/Core/TiBoostXLSensors" -I../Drivers/STM32L4xx_HAL_Driver/Inc -I../Drivers/STM32L4xx_HAL_Driver/Inc/Legacy -I../Drivers/CMSIS/Device/ST/STM32L4xx/Include -I../Drivers/CMSIS/Include -O0 -ffunction-sections -fdata-sections -Wall -fstack-usage -fcyclomatic-complexity -MMD -MP -MF"Core/TiBoostXLSensors/sensors.d" -MT"Core/TiBoostXLSensors/sensors.o" --specs=nano.specs -mfpu=fpv4-sp-d16 -mfloat-abi=hard -mthumb -o "Core/TiBoostXLSensors/sensors.o"
arm-none-eabi-gcc "../Core/Src/main.c" -mcpu=cortex-m4 -std=gnu11 -g3 -DDEBUG -DUSE_HAL_DRIVER -DSTM32L476xx -c -I../Core/Inc -I"D:/BITSILICA/SALMAN/Learning/STM32/STM32_Projects/STM32L4xx_TI_Sensors/STM32L4xx_Ti_Sensors/Core/TiBoostXLSensors" -I../Drivers/STM32L4xx_HAL_Driver/Inc -I../Drivers/STM32L4xx_HAL_Driver/Inc/Legacy -I../Drivers/CMSIS/Device/ST/STM32L4xx/Include -I../Drivers/CMSIS/Include -O0 -ffunction-sections -fdata-sections -Wall -fstack-usage -fcyclomatic-complexity -MMD -MP -MF"Core/Src/main.d" -MT"Core/Src/main.o" --specs=nano.specs -mfpu=fpv4-sp-d16 -mfloat-abi=hard -mthumb -o "Core/Src/main.o"
../Core/TiBoostXLSensors/sensors.c:93:17: warning: 'GetBME280Temperature' declared 'static' but never defined [-Wunused-function]
   93 | static uint32_t GetBME280Temperature(void);
      |                 ^~~~~~~~~~~~~~~~~~~~
arm-none-eabi-gcc -o "STM32L4xx_Ti_Sensors.elf" @"objects.list"   -mcpu=cortex-m4 -T"D:\BITSILICA\SALMAN\Learning\STM32\STM32_Projects\STM32L4xx_TI_Sensors\STM32L4xx_Ti_Sensors\STM32L476RGTX_FLASH.ld" --specs=nosys.specs -Wl,-Map="STM32L4xx_Ti_Sensors.map" -Wl,--gc-sections -static --specs=nano.specs -mfpu=fpv4-sp-d16 -mfloat-abi=hard -mthumb -Wl,--start-group -lc -lm -Wl,--end-group
Finished building target: STM32L4xx_Ti_Sensors.elf
 
arm-none-eabi-size  STM32L4xx_Ti_Sensors.elf 
arm-none-eabi-objdump -h -S STM32L4xx_Ti_Sensors.elf  > "STM32L4xx_Ti_Sensors.list"
   text	   data	    bss	    dec	    hex	filename
  19260	    100	   2124	  21484	   53ec	STM32L4xx_Ti_Sensors.elf
Finished building: default.size.stdout
 
Finished building: STM32L4xx_Ti_Sensors.list
 
19:36:59 **** Incremental Build of configuration Debug for project STM32L4xx_Ti_Sensors ****
make -j12 all 
arm-none-eabi-size  STM32L4xx_Ti_Sensors.elf 
   text	   data	    bss	    dec	    hex	filename
  19260	    100	   2124	  21484	   53ec	STM32L4xx_Ti_Sensors.elf
Finished building: default.size.stdout
 
19:37:03 **** Incremental Build of configuration Debug for project STM32L4xx_Ti_Sensors ****
make -j12 all 
arm-none-eabi-size  STM32L4xx_Ti_Sensors.elf 
   text	   data	    bss	    dec	    hex	filename
  19260	    100	   2124	  21484	   53ec	STM32L4xx_Ti_Sensors.elf
Finished building: default.size.stdout
 
19:43:28 **** Incremental Build of configuration Debug for project STM32L4xx_Ti_Sensors ****
make -j12 all 
arm-none-eabi-gcc "../Core/TiBoostXLSensors/sensors.c" -mcpu=cortex-m4 -std=gnu11 -g3 -DDEBUG -DUSE_HAL_DRIVER -DSTM32L476xx -c -I../Core/Inc -I"D:/BITSILICA/SALMAN/Learning/STM32/STM32_Projects/STM32L4xx_TI_Sensors/STM32L4xx_Ti_Sensors/Core/TiBoostXLSensors" -I../Drivers/STM32L4xx_HAL_Driver/Inc -I../Drivers/STM32L4xx_HAL_Driver/Inc/Legacy -I../Drivers/CMSIS/Device/ST/STM32L4xx/Include -I../Drivers/CMSIS/Include -O0 -ffunction-sections -fdata-sections -Wall -fstack-usage -fcyclomatic-complexity -MMD -MP -MF"Core/TiBoostXLSensors/sensors.d" -MT"Core/TiBoostXLSensors/sensors.o" --specs=nano.specs -mfpu=fpv4-sp-d16 -mfloat-abi=hard -mthumb -o "Core/TiBoostXLSensors/sensors.o"
arm-none-eabi-gcc -o "STM32L4xx_Ti_Sensors.elf" @"objects.list"   -mcpu=cortex-m4 -T"D:\BITSILICA\SALMAN\Learning\STM32\STM32_Projects\STM32L4xx_TI_Sensors\STM32L4xx_Ti_Sensors\STM32L476RGTX_FLASH.ld" --specs=nosys.specs -Wl,-Map="STM32L4xx_Ti_Sensors.map" -Wl,--gc-sections -static --specs=nano.specs -mfpu=fpv4-sp-d16 -mfloat-abi=hard -mthumb -Wl,--start-group -lc -lm -Wl,--end-group
Finished building target: STM32L4xx_Ti_Sensors.elf
 
arm-none-eabi-size  STM32L4xx_Ti_Sensors.elf 
arm-none-eabi-objdump -h -S STM32L4xx_Ti_Sensors.elf  > "STM32L4xx_Ti_Sensors.list"
   text	   data	    bss	    dec	    hex	filename
  19380	    100	   2124	  21604	   5464	STM32L4xx_Ti_Sensors.elf
Finished building: default.size.stdout
 
Finished building: STM32L4xx_Ti_Sensors.list
 
19:44:00 **** Incremental Build of configuration Debug for project STM32L4xx_Ti_Sensors ****
make -j12 all 
arm-none-eabi-gcc "../Core/Src/main.c" -mcpu=cortex-m4 -std=gnu11 -g3 -DDEBUG -DUSE_HAL_DRIVER -DSTM32L476xx -c -I../Core/Inc -I"D:/BITSILICA/SALMAN/Learning/STM32/STM32_Projects/STM32L4xx_TI_Sensors/STM32L4xx_Ti_Sensors/Core/TiBoostXLSensors" -I../Drivers/STM32L4xx_HAL_Driver/Inc -I../Drivers/STM32L4xx_HAL_Driver/Inc/Legacy -I../Drivers/CMSIS/Device/ST/STM32L4xx/Include -I../Drivers/CMSIS/Include -O0 -ffunction-sections -fdata-sections -Wall -fstack-usage -fcyclomatic-complexity -MMD -MP -MF"Core/Src/main.d" -MT"Core/Src/main.o" --specs=nano.specs -mfpu=fpv4-sp-d16 -mfloat-abi=hard -mthumb -o "Core/Src/main.o"
arm-none-eabi-gcc -o "STM32L4xx_Ti_Sensors.elf" @"objects.list"   -mcpu=cortex-m4 -T"D:\BITSILICA\SALMAN\Learning\STM32\STM32_Projects\STM32L4xx_TI_Sensors\STM32L4xx_Ti_Sensors\STM32L476RGTX_FLASH.ld" --specs=nosys.specs -Wl,-Map="STM32L4xx_Ti_Sensors.map" -Wl,--gc-sections -static --specs=nano.specs -mfpu=fpv4-sp-d16 -mfloat-abi=hard -mthumb -Wl,--start-group -lc -lm -Wl,--end-group
Finished building target: STM32L4xx_Ti_Sensors.elf
 
arm-none-eabi-size  STM32L4xx_Ti_Sensors.elf 
arm-none-eabi-objdump -h -S STM32L4xx_Ti_Sensors.elf  > "STM32L4xx_Ti_Sensors.list"
   text	   data	    bss	    dec	    hex	filename
  19384	    100	   2124	  21608	   5468	STM32L4xx_Ti_Sensors.elf
Finished building: default.size.stdout
 
Finished building: STM32L4xx_Ti_Sensors.list
 
19:44:06 **** Incremental Build of configuration Debug for project STM32L4xx_Ti_Sensors ****
make -j12 all 
arm-none-eabi-size  STM32L4xx_Ti_Sensors.elf 
   text	   data	    bss	    dec	    hex	filename
  19384	    100	   2124	  21608	   5468	STM32L4xx_Ti_Sensors.elf
Finished building: default.size.stdout
 
